
  Perfect Dark PC Port  -  Headless Build
  Target:  client
  Version: 0.0.69
  Clean:   False
  Verbose: False
  Cores:   24
  ProjectDir: C:\Users\mikeh\Perfect-Dark-2\perfect_dark-mike

------------------------------------------------------------
  Auto-Commit + Push
------------------------------------------------------------
  Committed: Build v0.0.69 - auto-commit before build
  Push failed (non-fatal): To https://github.com/MikeHazeJr/perfect-dark-2.git

  WARNING: 18 new commit(s) since last successful build (hash changed)
  Last built: 9687a927609fd077d0453f3249af36d812a0b9dd
  Current:    8acab69c02bfa99f8fae58d9cc55793fde66d66f

============================================================
  Building: Client
  Dir:      C:\Users\mikeh\Perfect-Dark-2\perfect_dark-mike\build\client
============================================================

------------------------------------------------------------
  Configure (CMake) [Client]
------------------------------------------------------------
