[00:00.00] version: dev-window-v2-idle-hitch d9d80f87 (x86_64-windows)
[00:00.00] startup date: 13 Apr 2026 21:32:33
[00:00.00] LOG: Channel filter mask: 0xFFFF (all channels active), verbose: off
[00:00.00] base dir: C:/Users/mikeh/Downloads/Perfect Dark 2.0/data
[00:00.00] save dir: C:/Users/mikeh/AppData/Roaming/perfectdark
[00:00.00] ACTIONMAP: activated 'gameplay' (priority 0, depth 1)
[00:00.00] ACTIONMAP: initialized — 57 actions, 4 players, 1 IMCs
[00:00.01] ACTIONMAP: binds loaded from pd.ini into 6 IMCs
[00:00.01] UPDATER: install dir: C:\Users\mikeh\Downloads\Perfect Dark 2.0
[00:00.01] UPDATER: update path: C:\Users\mikeh\Downloads\Perfect Dark 2.0\pd.update.zip
[00:00.01] UPDATER: Initialized — v0.0.94 (client, dev channel)
[00:00.01] SAVEMIGRATE: Initialized (0 migrations registered, current save version: 2)
[00:00.01] SAVE: initialized — save dir: C:/Users/mikeh/AppData/Roaming/perfectdark
[00:00.01] SAVE: found eeprom.bin without system.json — migration available
[00:00.36] SDL: created GL3.0 context
[00:00.36] GL: using GLSL version 130
[00:00.37] pdgui: Loaded embedded Handel Gothic (24648 bytes)
[00:00.37] pdgui_hotswap: Initialized (F8 to toggle)
[00:00.37] pdgui_hotswap: Registered 'Agent Select' (1/256)
[00:00.37] SMFST: registered 00007ff782826be0 with 3 asset(s)
[00:00.37] pdgui_menu_agentselect: Registered
[00:00.37] pdgui_hotswap: Registered 'Main Menu (PC)' (2/256)
[00:00.37] pdgui_hotswap: Registered 'Main Menu (Pause)' (3/256)
[00:00.37] pdgui_hotswap: Registered 'CI Options (PC -> unified Settings)' (4/256)
[00:00.37] pdgui_hotswap: Registered 'CI Options (Pause -> unified Settings)' (5/256)
[00:00.37] pdgui_hotswap: Registered 'CI Control Options -> Settings.Controls' (6/256)
[00:00.37] pdgui_hotswap: Registered 'CI Control Style -> Settings.Controls' (7/256)
[00:00.37] pdgui_hotswap: Registered 'CI Display -> Settings.Video' (8/256)
[00:00.37] pdgui_hotswap: Registered 'CI Control Style P2 (DEAD -- no split-screen)' (9/256)
[00:00.37] pdgui_hotswap: Registered 'CI Display P2 (DEAD -- no split-screen)' (10/256)
[00:00.37] pdgui_hotswap: Registered 'CI Control P2 (DEAD -- no split-screen)' (11/256)
[00:00.37] pdgui_hotswap: Registered 'Cinema (cutscene viewer)' (12/256)
[00:00.37] pdgui_menu_mainmenu: Registered (PC + Pause + 9 CI redirects + Cinema)
[00:00.37] pdgui_hotswap: Registered 'Agent Create' (13/256)
[00:00.37] pdgui_menu_agentcreate: Registered
[00:00.37] pdgui_hotswap: Registered type 1 fallback 'Default Dialog'
[00:00.37] pdgui_hotswap: Registered type 2 fallback 'Danger Dialog'
[00:00.37] pdgui_hotswap: Registered type 3 fallback 'Success Dialog'
[00:00.37] pdgui_hotswap: Registered type 0 fallback 'Default Dialog (type 0)'
[00:00.37] pdgui_hotswap: Registered 'Confirm Name (suppressed)' (14/256)
[00:00.37] pdgui_hotswap: Registered 'Pak Not Original (suppressed)' (15/256)
[00:00.37] pdgui_hotswap: Registered 'Filemgr Save Error (suppressed)' (16/256)
[00:00.37] pdgui_hotswap: Registered 'Filemgr File Lost (suppressed)' (17/256)
[00:00.37] pdgui_hotswap: Registered 'Exit Game (Batch 1)' (18/256)
[00:00.37] pdgui_hotswap: Registered 'PD Mode Settings (Batch 1)' (19/256)
[00:00.37] pdgui_hotswap: Registered 'MP End Game (Batch 1)' (20/256)
[00:00.37] pdgui_hotswap: Registered 'Filemgr Delete (PC placeholder, Batch 1)' (21/256)
[00:00.37] pdgui_hotswap: Registered 'Filemgr Copy (PC placeholder, Batch 1)' (22/256)
[00:00.37] pdgui_hotswap: Registered 'Filemgr Operations (PC placeholder, Batch 1)' (23/256)
[00:00.37] pdgui_hotswap: Registered 'Filemgr Select Location (PC placeholder, Batch 1)' (24/256)
[00:00.37] pdgui_hotswap: Registered 'Cheats Root (Batch 4)' (25/256)
[00:00.37] pdgui_hotswap: Registered 'Cheats Fun (Batch 4)' (26/256)
[00:00.37] pdgui_hotswap: Registered 'Cheats Gameplay (Batch 4)' (27/256)
[00:00.37] pdgui_hotswap: Registered 'Cheats Solo Weapons (Batch 4)' (28/256)
[00:00.37] pdgui_hotswap: Registered 'Cheats Classic Weapons (Batch 4)' (29/256)
[00:00.37] pdgui_hotswap: Registered 'Cheats Weapons (Batch 4)' (30/256)
[00:00.37] pdgui_hotswap: Registered 'Cheats Buddies (Batch 4)' (31/256)
[00:00.37] pdgui_hotswap: Registered 'Cheats Warning (Batch 4)' (32/256)
[00:00.37] pdgui_hotswap: Registered 'Cheats Confirm Unlock (Batch 4)' (33/256)
[00:00.37] pdgui_hotswap: Registered 'MP Pause Control (Batch 8)' (34/256)
[00:00.37] pdgui_hotswap: Registered 'MP Player Options (Batch 8)' (35/256)
[00:00.37] pdgui_hotswap: Registered 'MP Pause Inventory (Batch 8 partial - LIST deferred)' (36/256)
[00:00.37] pdgui_hotswap: Registered 'MP Pause Player Stats (Batch 8 partial - PLAYERSTATS deferred)' (37/256)
[00:00.37] pdgui_hotswap: Registered 'MP Pause Player Ranking (Batch 8 partial - RANKING deferred)' (38/256)
[00:00.37] pdgui_hotswap: Registered 'MP Pause Team Rankings (Batch 8 partial - RANKING deferred)' (39/256)
[00:00.37] pdgui_hotswap: Registered 'MP Character (Batch 11 partial - LIST deferred)' (40/256)
[00:00.37] pdgui_hotswap: Registered 'MP Player Stats (Batch 11 partial - PLAYERSTATS deferred)' (41/256)
[00:00.37] pdgui_hotswap: Registered 'MP Load Settings (Batch 11 partial - LIST deferred)' (42/256)
[00:00.37] pdgui_hotswap: Registered 'MP Load Preset (Batch 11 partial - LIST deferred)' (43/256)
[00:00.37] pdgui_hotswap: Registered 'MP Load Player (Batch 11 partial - LIST deferred)' (44/256)
[00:00.37] pdgui_menu_warning: Registered DEFAULT + DANGER + SUCCESS fallbacks + S193 Batch 1 + S195 Batches 4/8/11 explicit dialogs
[00:00.37] pdgui_hotswap: Registered 'Multiplayer' (45/256)
[00:00.37] SMFST: registered 00007ff782883840 with 2 asset(s)
[00:00.37] pdgui_menu_network: Registered Multiplayer menu
[00:00.37] pdgui_hotswap: Registered 'Mission Select' (46/256)
[00:00.37] pdgui_hotswap: Registered 'Solo Difficulty' (47/256)
[00:00.37] pdgui_hotswap: Registered 'Solo Briefing' (48/256)
[00:00.37] pdgui_hotswap: Registered 'Pre/Post Briefing' (49/256)
[00:00.37] pdgui_hotswap: Registered 'Accept Mission' (50/256)
[00:00.37] pdgui_hotswap: Registered 'Solo Pause' (51/256)
[00:00.37] pdgui_hotswap: Registered 'Abort Mission' (52/256)
[00:00.37] pdgui_hotswap: Registered 'Solo Options' (53/256)
[00:00.37] pdgui_hotswap: Registered 'Audio Opts (inline)' (54/256)
[00:00.37] pdgui_hotswap: Registered 'Video Opts (inline)' (55/256)
[00:00.37] pdgui_hotswap: Registered 'Control Opts (inline)' (56/256)
[00:00.37] pdgui_hotswap: Registered 'Display Opts (inline)' (57/256)
[00:00.37] pdgui_hotswap: Registered 'Inventory' (58/256)
[00:00.37] pdgui_hotswap: Registered 'Co-op Difficulty' (59/256)
[00:00.37] pdgui_hotswap: Registered 'Co-op Options' (60/256)
[00:00.38] pdgui_hotswap: Registered 'Counter-Op Difficulty' (61/256)
[00:00.38] pdgui_hotswap: Registered 'Counter-Op Options' (62/256)
[00:00.38] pdgui_menu_solomission: Registered Group 1 + Batch 2 — 12 ImGui + 7 legacy/inline
[00:00.38] pdgui_hotswap: Registered 'Team Control' (63/256)
[00:00.38] pdgui_hotswap: Registered 'Auto Team' (64/256)
[00:00.38] pdgui_menu_teamsetup: registered
[00:00.38] pdgui_hotswap: Registered 'Player Handicaps' (65/256)
[00:00.38] pdgui_hotswap: Registered 'MP Select Tunes' (66/256)
[00:00.38] pdgui_hotswap: Registered 'MP Soundtrack' (67/256)
[00:00.38] pdgui_hotswap: Registered 'MP Team Names' (68/256)
[00:00.38] pdgui_menu_mpsettings: registered (handicaps + Batch 12 Music & Team Names)
[00:00.38] pdgui_hotswap: Registered 'Combat Challenges' (69/256)
[00:00.38] pdgui_hotswap: Registered 'Completed Challenges' (70/256)
[00:00.38] pdgui_hotswap: Registered 'Combat Challenges (root)' (71/256)
[00:00.38] pdgui_menu_challenges: registered (list/details + completed + Batch 12 root)
[00:00.38] pdgui_hotswap: Registered 'MP Endscreen Save Player (suppressed)' (72/256)
[00:00.38] pdgui_hotswap: Registered 'Solo Complete' (73/256)
[00:00.38] pdgui_hotswap: Registered 'Solo Failed' (74/256)
[00:00.38] pdgui_hotswap: Registered 'Solo Objectives OK' (75/256)
[00:00.38] pdgui_hotswap: Registered 'Solo Objectives Fail' (76/256)
[00:00.38] pdgui_hotswap: Registered 'Retry Mission' (77/256)
[00:00.38] pdgui_hotswap: Registered 'Next Mission' (78/256)
[00:00.38] pdgui_hotswap: Registered 'Continue or Replay' (79/256)
[00:00.38] pdgui_hotswap: Registered '2P Complete H' (80/256)
[00:00.38] pdgui_hotswap: Registered '2P Failed H' (81/256)
[00:00.38] pdgui_hotswap: Registered '2P Complete V' (82/256)
[00:00.38] pdgui_hotswap: Registered '2P Failed V' (83/256)
[00:00.38] pdgui_hotswap: Registered '2P Objectives OK' (84/256)
[00:00.38] pdgui_hotswap: Registered '2P Objectives Fail' (85/256)
[00:00.38] pdgui_hotswap: Registered 'MP Game Over' (86/256)
[00:00.38] pdgui_hotswap: Registered 'MP Team Over' (87/256)
[00:00.38] pdgui_hotswap: Registered 'Challenge Done' (88/256)
[00:00.38] pdgui_hotswap: Registered 'Challenge Cheated' (89/256)
[00:00.38] pdgui_hotswap: Registered 'Challenge Failed' (90/256)
[00:00.38] pdgui_hotswap: Registered 'MP Player Ranking' (91/256)
[00:00.38] pdgui_hotswap: Registered 'MP Team Ranking' (92/256)
[00:00.38] pdgui_hotswap: Registered 'MP Player Stats' (93/256)
[00:00.38] pdgui_hotswap: Registered 'FR Difficulty' (94/256)
[00:00.38] pdgui_hotswap: Registered 'FR Pre-Game Info' (95/256)
[00:00.38] pdgui_hotswap: Registered 'FR In-Game Info' (96/256)
[00:00.38] pdgui_hotswap: Registered 'FR Completed' (97/256)
[00:00.38] pdgui_hotswap: Registered 'FR Failed' (98/256)
[00:00.38] pdgui_hotswap: Registered 'FR Weapon List' (99/256)
[00:00.38] pdgui_hotswap: Registered 'Bio List' (100/256)
[00:00.38] pdgui_hotswap: Registered 'Bio Profile' (101/256)
[00:00.38] pdgui_hotswap: Registered 'Bio Text' (102/256)
[00:00.38] pdgui_hotswap: Registered 'DT List' (103/256)
[00:00.38] pdgui_hotswap: Registered 'DT Details' (104/256)
[00:00.38] pdgui_hotswap: Registered 'DT Failed' (105/256)
[00:00.38] pdgui_hotswap: Registered 'DT Completed' (106/256)
[00:00.38] pdgui_hotswap: Registered 'HT List' (107/256)
[00:00.38] pdgui_hotswap: Registered 'HT Details' (108/256)
[00:00.38] pdgui_hotswap: Registered 'HT Failed' (109/256)
[00:00.38] pdgui_hotswap: Registered 'HT Completed' (110/256)
[00:00.38] pdgui_hotswap: Registered 'Now Safe' (111/256)
[00:00.38] pdgui_hotswap: Registered 'Hangar List' (112/256)
[00:00.38] pdgui_hotswap: Registered 'Hangar Holograph' (113/256)
[00:00.38] pdgui_hotswap: Registered 'Hangar Vehicle Details' (114/256)
[00:00.38] pdgui_hotswap: Registered 'Hangar Location Details' (115/256)
[00:00.38] pdgui_menu_training: registered (22 dialogs, Batch 10 complete)
[00:00.38] pdgui_hotswap: Updated 'Cheats Hub'
[00:00.38] pdgui_hotswap: Updated 'Cheats Fun -> hub.TAB_FUN'
[00:00.38] pdgui_hotswap: Updated 'Cheats Gameplay -> hub.TAB_GAMEPLAY'
[00:00.38] pdgui_hotswap: Updated 'Cheats Solo Weapons -> hub.TAB_SOLO_WEAPONS'
[00:00.38] pdgui_hotswap: Updated 'Cheats Classic Weapons -> hub.TAB_CLASSIC_WEAPONS'
[00:00.38] pdgui_hotswap: Updated 'Cheats Weapons -> hub.TAB_WEAPONS'
[00:00.38] pdgui_hotswap: Updated 'Cheats Buddies -> hub.TAB_BUDDIES'
[00:00.38] pdgui_hotswap: Updated 'Cheats Warning (first-use notice)'
[00:00.38] pdgui_hotswap: Updated 'Cheats Confirm Unlock Everything'
[00:00.38] pdgui_menu_cheats: Registered (hub + 6 sub-redirects + 2 modals)
[00:00.38] pdgui_hotswap: Registered 'MP Arena' (116/256)
[00:00.38] pdgui_hotswap: Registered 'MP Scenario' (117/256)
[00:00.38] pdgui_hotswap: Registered 'MP QT Scenario' (118/256)
[00:00.38] pdgui_hotswap: Registered 'MP Weapons' (119/256)
[00:00.38] pdgui_hotswap: Registered 'MP Select Random Weapons' (120/256)
[00:00.38] pdgui_hotswap: Registered 'MP QT Weapons' (121/256)
[00:00.38] pdgui_hotswap: Registered 'MP Limits' (122/256)
[00:00.38] pdgui_hotswap: Registered 'MP Combat Options' (123/256)
[00:00.38] pdgui_hotswap: Registered 'MP CTC Options' (124/256)
[00:00.38] pdgui_hotswap: Registered 'MP HTM Options' (125/256)
[00:00.38] pdgui_hotswap: Registered 'MP HTB Options' (126/256)
[00:00.38] pdgui_hotswap: Registered 'MP KOH Options' (127/256)
[00:00.38] pdgui_hotswap: Registered 'MP PAC Options' (128/256)
[00:00.38] pdgui_hotswap: Registered 'MP Ext Game Options' (129/256)
[00:00.38] MENU_IMGUI: Batch 5 MP Setup Core registered (14 dialogs)
[00:00.38] pdgui_hotswap: Registered 'MP Simulants' (130/256)
[00:00.38] pdgui_hotswap: Registered 'MP Add Simulant' (131/256)
[00:00.38] pdgui_hotswap: Registered 'MP Change Simulant' (132/256)
[00:00.38] pdgui_hotswap: Registered 'MP Edit Simulant' (133/256)
[00:00.38] pdgui_hotswap: Registered 'MP Simulant Character' (134/256)
[00:00.38] MENU_IMGUI: Batch 6 Bot Setup registered (5 dialogs)
[00:00.38] pdgui_hotswap: Registered 'MP Advanced Setup' (135/256)
[00:00.38] pdgui_hotswap: Registered 'MP Advanced Setup (Challenge)' (136/256)
[00:00.38] pdgui_hotswap: Registered 'MP Quick Go' (137/256)
[00:00.38] pdgui_hotswap: Registered 'MP Quick Team' (138/256)
[00:00.38] pdgui_hotswap: Registered 'MP Quick Team Game Setup' (139/256)
[00:00.38] pdgui_hotswap: Registered 'MP Stuff' (140/256)
[00:00.38] pdgui_hotswap: Registered 'MP Stuff (Challenge)' (141/256)
[00:00.38] pdgui_hotswap: Registered 'MP Player Setup (Adv)' (142/256)
[00:00.38] pdgui_hotswap: Registered 'MP Player Setup (Adv/Challenge)' (143/256)
[00:00.38] pdgui_hotswap: Registered 'MP Player Setup (Quick Go)' (144/256)
[00:00.38] MENU_IMGUI: Batch 7 MP Advanced/Quick paths registered (11 dialogs)
[00:00.38] pdgui_hotswap: Updated 'MP Pause Control'
[00:00.38] pdgui_hotswap: Updated 'MP Pause Inventory'
[00:00.38] pdgui_hotswap: Updated 'MP Pause Player Stats'
[00:00.38] pdgui_hotswap: Updated 'MP Pause Player Ranking'
[00:00.38] pdgui_hotswap: Updated 'MP Pause Team Rankings'
[00:00.38] pdgui_hotswap: Updated 'MP Player Options'
[00:00.39] MENU_IMGUI: Batch 8 MP Pause & In-Game registered (6 dialogs)
[00:00.39] pdgui_hotswap: Updated 'MP Character'
[00:00.39] pdgui_hotswap: Updated 'MP Player Stats'
[00:00.39] pdgui_hotswap: Updated 'MP Load Settings'
[00:00.39] pdgui_hotswap: Updated 'MP Load Preset'
[00:00.39] pdgui_hotswap: Updated 'MP Load Player'
[00:00.39] MENU_IMGUI: Batch 11 Player Config & Stats registered (5 dialogs)
[00:00.39] pdgui_hotswap: Registered 'Solo Control Style' (145/256)
[00:00.39] pdgui_hotswap: Registered 'MP Control Options' (146/256)
[00:00.39] pdgui_menu_controldiagram: registered (Batch 10, 2 dialogs)
[00:00.39] pdgui_charpreview: Created FBO 3 (256x256) texId=3
[00:00.39] PDGUI theme: D5.0 early init (scanlines=ON alpha=50% chrome=OFF, textures deferred)
[00:00.39] PDGUI theme loader: scanned mods/ — 1 directories walked, 7 total themes registered
[00:00.39] PDGUI theme loader: init — 7 themes registered (built-in + mods), active='base:theme_blue'
[00:00.39] PDGUI nineslice: init
[00:00.39] PDGUI effects: init
[00:00.39] PDGUI fontmgr: init — default font registered
[00:00.39] STATS: loaded 14 stats from C:/Users/mikeh/AppData/Roaming/perfectdark/playerstats.json
[00:00.39] STATS: initialized (14 entries)
[00:00.39] ACHIEVEMENTS: initialized — 1/16 unlocked
[00:00.50] input: assigned controller '0: (Xbox One Controller)' (id 0) to player 0
[00:00.50] input: GUID for controller 0: 0300938d5e040000ff02000000007200
[00:00.50] INPUTCTX: initialized
[00:00.50] INPUTCTX: gameplay on_push -- mouse captured
[00:00.50] INPUTCTX: pushed 'gameplay' (depth now 1)
[00:00.53] ROM file: pd.ntsc-final.z64
[00:00.54] loading segment fontjpnsingle from ROM (offset 00194b20 pointer 0000020a6320eb60)
[00:00.54] loading segment fontjpnmulti from ROM (offset 0019fb40 pointer 0000020a63219b80)
[00:00.54] loading segment animations from ROM (offset 001a15c0 pointer 0000020a6321b600)
[00:00.54] loading segment mpconfigs from ROM (offset 007d0a40 pointer 0000020a6384aa80)
[00:00.54] loading segment mpstringsE from ROM (offset 007d1c20 pointer 0000020a6384bc60)
[00:00.54] loading segment mpstringsJ from ROM (offset 007d5320 pointer 0000020a6384f360)
[00:00.54] loading segment mpstringsP from ROM (offset 007d8a20 pointer 0000020a63852a60)
[00:00.54] loading segment mpstringsG from ROM (offset 007dc120 pointer 0000020a63856160)
[00:00.54] loading segment mpstringsF from ROM (offset 007df820 pointer 0000020a63859860)
[00:00.54] loading segment mpstringsS from ROM (offset 007e2f20 pointer 0000020a6385cf60)
[00:00.54] loading segment mpstringsI from ROM (offset 007e6620 pointer 0000020a63860660)
[00:00.54] loading segment firingrange from ROM (offset 007e9d20 pointer 0000020a63863d60)
[00:00.54] loading segment fonttahoma from ROM (offset 007f7860 pointer 0000020a638718a0)
[00:00.54] loading segment fontnumeric from ROM (offset 007f8b20 pointer 0000020a63872b60)
[00:00.54] loading segment fonthandelgothicsm from ROM (offset 007f9d30 pointer 0000020a63873d70)
[00:00.54] loading segment fonthandelgothicxs from ROM (offset 007fbfb0 pointer 0000020a63875ff0)
[00:00.54] loading segment fonthandelgothicmd from ROM (offset 007fdd80 pointer 0000020a63877dc0)
[00:00.54] loading segment fonthandelgothiclg from ROM (offset 008008e0 pointer 0000020a6387a920)
[00:00.54] loading segment sfxctl from ROM (offset 0080a250 pointer 0000020a63884290)
[00:00.55] loading segment sfxtbl from ROM (offset 00839dd0 pointer 0000020a638b3e10)
[00:00.55] loading segment seqctl from ROM (offset 00cfbf30 pointer 0000020a63d75f70)
[00:00.55] loading segment seqtbl from ROM (offset 00d05f90 pointer 0000020a63d7ffd0)
[00:00.55] loading segment sequences from ROM (offset 00e82000 pointer 0000020a63efc040)
[00:00.55] loading segment texturesdata from ROM (offset 01d65f40 pointer 0000020a64ddff80)
[00:00.55] loading segment textureslist from ROM (offset 01ff7ca0 pointer 0000020a65071ce0)
[00:00.55] loading segment copyright from ROM (offset 01ffea20 pointer 0000020a65078a60)
[00:00.55] skipping segment fontjpn
[00:00.55] romdataInit: loaded rom, size = 33554432
[00:00.55] WARNING: CATALOG: ROM hash cache: could not hash 'pd.ntsc-final.z64'
[00:00.55] modmgr: initializing...
[00:00.55] modmgr: scanning './mods' for mods...
[00:00.55] modmgr: skipping 'effect_normal_tint' (no mod.json or audio.ini)
[00:00.55] modmgr: also scanning 'C:/Users/mikeh/Downloads/Perfect Dark 2.0/mods'
[00:00.55] modmgr: also scanning 'C:/Users/mikeh/Downloads/Perfect Dark 2.0/data/mods'
[00:00.55] WARNING: modmgr: mod.json validation failed for '(unknown)': Missing required field: id
[00:00.55] modmgr: discovered mod [0] '' (base-ui) from alt dir 'C:/Users/mikeh/Downloads/Perfect Dark 2.0/data/mods'
[00:00.55] modmgr: parsed mod.json for 'black-and-gold-2' (Black and Gold 2 v1.0 by MikeHazeJr) — 0 bodies, 0 heads, 0 arenas, fallback=base:theme_blue, template=no, tags=0
[00:00.55] modmgr: discovered mod [1] 'black-and-gold-2' (Black and Gold 2) from alt dir 'C:/Users/mikeh/Downloads/Perfect Dark 2.0/data/mods'
[00:00.55] modmgr: parsed mod.json for 'bw-basic' (BW Basic v1.0 by MikeHazeJr) — 0 bodies, 0 heads, 0 arenas, fallback=base:theme_blue, template=no, tags=0
[00:00.55] modmgr: discovered mod [2] 'bw-basic' (BW Basic) from alt dir 'C:/Users/mikeh/Downloads/Perfect Dark 2.0/data/mods'
[00:00.55] modmgr: parsed audio.ini for 'memory-remains' (The Memory Remains)
[00:00.55] modmgr: discovered mod [3] 'memory-remains' (The Memory Remains) from alt dir 'C:/Users/mikeh/Downloads/Perfect Dark 2.0/data/mods'
[00:00.55] modmgr: parsed audio.ini for 'of-wolf-and-man' (Of Wolf And Man)
[00:00.55] modmgr: discovered mod [4] 'of-wolf-and-man' (Of Wolf And Man) from alt dir 'C:/Users/mikeh/Downloads/Perfect Dark 2.0/data/mods'
[00:00.55] modmgr: scan complete — 5 mods found
[00:00.55] ERROR: fsFileLoad: could not find file: C:/Users/mikeh/AppData/Roaming/perfectdark/mods-enabled.json
[00:00.55] modmgr: initialized — 5 mods, 0 enabled
[00:00.55] CATALOG: initializing model catalog (metadata only)...
[00:00.55] CATALOG: g_HeadsAndBodies at 00007ff782840fa0, sizeof(headorbody)=32
[00:00.55] CATALOG: found 151 head/body entries
[00:00.56] modmgr: rebuilt catalog caches — bodies=0 heads=0 arenas=0
[00:00.56] CATALOG: modmgr reports 63 MP bodies, 76 MP heads
[00:00.56] CATALOG: metadata cached — 151 entries, 0 bodies, 1 heads (validation deferred)
[00:00.56] STAGE: table init, 87 entries
[00:00.56] assetcatalog: registered 87 base stages
[00:00.56] assetcatalog: registered 63 base bodies
[00:00.56] assetcatalog: registered 76 base heads (all g_MpHeads[])
[00:00.56] assetcatalog: arena[0] id="base:arena_mp_skedar" stagenum=0x32 langid=0x5077 cat="Dark"
[00:00.56] assetcatalog: arena[1] id="base:arena_mp_pipes" stagenum=0x29 langid=0x5078 cat="Dark"
[00:00.56] assetcatalog: arena[2] id="base:arena_mp_ravine" stagenum=0x17 langid=0x5079 cat="Dark"
[00:00.56] assetcatalog: arena[3] id="base:arena_mp_g5building" stagenum=0x20 langid=0x507a cat="Dark"
[00:00.56] assetcatalog: arena[4] id="base:arena_mp_sewers" stagenum=0x42 langid=0x507b cat="Dark"
[00:00.56] assetcatalog: arena[5] id="base:arena_mp_warehouse" stagenum=0x3c langid=0x507c cat="Dark"
[00:00.56] assetcatalog: arena[6] id="base:arena_mp_grid" stagenum=0x47 langid=0x507d cat="Dark"
[00:00.56] assetcatalog: arena[7] id="base:arena_mp_ruins" stagenum=0x41 langid=0x507e cat="Dark"
[00:00.56] assetcatalog: arena[8] id="base:arena_mp_area52" stagenum=0x3b langid=0x507f cat="Dark"
[00:00.56] assetcatalog: arena[9] id="base:arena_mp_base" stagenum=0x39 langid=0x5080 cat="Dark"
[00:00.56] assetcatalog: arena[10] id="base:arena_mp_fortress" stagenum=0x44 langid=0x5082 cat="Dark"
[00:00.56] assetcatalog: arena[11] id="base:arena_mp_villa" stagenum=0x45 langid=0x5083 cat="Dark"
[00:00.56] assetcatalog: arena[12] id="base:arena_mp_carpark" stagenum=0x3d langid=0x5084 cat="Dark"
[00:00.56] assetcatalog: arena[13] id="base:arena_defection" stagenum=0x30 langid=0x5685 cat="Solo Missions"
[00:00.56] assetcatalog: arena[14] id="base:arena_investigation" stagenum=0x33 langid=0x5687 cat="Solo Missions"
[00:00.56] assetcatalog: arena[15] id="base:arena_villa" stagenum=0x2c langid=0x568b cat="Solo Missions"
[00:00.56] assetcatalog: arena[16] id="base:arena_chicago" stagenum=0x1d langid=0x568d cat="Solo Missions"
[00:00.56] assetcatalog: arena[17] id="base:arena_g5building" stagenum=0x1e langid=0x568f cat="Solo Missions"
[00:00.56] assetcatalog: arena[18] id="base:arena_infiltration" stagenum=0x2f langid=0x5691 cat="Solo Missions"
[00:00.56] assetcatalog: arena[19] id="base:arena_airbase" stagenum=0x27 langid=0x5697 cat="Solo Missions"
[00:00.56] assetcatalog: arena[20] id="base:arena_airforceone" stagenum=0x31 langid=0x5699 cat="Solo Missions"
[00:00.56] assetcatalog: arena[21] id="base:arena_crashsite" stagenum=0x1c langid=0x569b cat="Solo Missions"
[00:00.56] assetcatalog: arena[22] id="base:arena_pelagic" stagenum=0x21 langid=0x569d cat="Solo Missions"
[00:00.56] assetcatalog: arena[23] id="base:arena_deepsea" stagenum=0x38 langid=0x569f cat="Solo Missions"
[00:00.56] assetcatalog: arena[24] id="base:arena_defense" stagenum=0x2d langid=0x56a1 cat="Solo Missions"
[00:00.56] assetcatalog: arena[25] id="base:arena_attackship" stagenum=0x34 langid=0x56a3 cat="Solo Missions"
[00:00.56] assetcatalog: arena[26] id="base:arena_skedarruins" stagenum=0x2a langid=0x56a5 cat="Solo Missions"
[00:00.56] assetcatalog: arena[27] id="base:arena_mp_temple" stagenum=0x25 langid=0x5085 cat="Classic"
[00:00.56] assetcatalog: arena[28] id="base:arena_mp_complex" stagenum=0x1f langid=0x5086 cat="Classic"
[00:00.56] assetcatalog: arena[29] id="base:arena_mp_grid6" stagenum=0x3e langid=0x5132 cat="Classic"
[00:00.56] assetcatalog: arena[30] id="base:arena_mp_grid2" stagenum=0x3a langid=0x5081 cat="Classic"
[00:00.56] assetcatalog: arena[31] id="base:arena_mp_felicity" stagenum=0x43 langid=0x5087 cat="Classic"
[00:00.56] assetcatalog: arena[55] id="base:arena_stage_24" stagenum=0x24 langid=0x513f cat="Bonus"
[00:00.56] assetcatalog: arena[56] id="base:arena_mp_grid7" stagenum=0x3f langid=0x5141 cat="Bonus"
[00:00.56] assetcatalog: arena[57] id="base:arena_test_arch" stagenum=0x18 langid=0x5144 cat="Bonus"
[00:00.56] assetcatalog: arena[58] id="base:arena_test_dest" stagenum=0x1a langid=0x5145 cat="Bonus"
[00:00.56] assetcatalog: arena[59] id="base:arena_extra16" stagenum=0x51 langid=0x5147 cat="Bonus"
[00:00.56] assetcatalog: arena[60] id="base:arena_extra17" stagenum=0x52 langid=0x5148 cat="Bonus"
[00:00.56] assetcatalog: arena[61] id="base:arena_extra18" stagenum=0x53 langid=0x5149 cat="Bonus"
[00:00.56] assetcatalog: arena[62] id="base:arena_extra19" stagenum=0x54 langid=0x514a cat="Bonus"
[00:00.56] assetcatalog: arena[63] id="base:arena_extra20" stagenum=0x55 langid=0x514b cat="Bonus"
[00:00.56] assetcatalog: arena[64] id="base:arena_extra21" stagenum=0x56 langid=0x514c cat="Bonus"
[00:00.56] assetcatalog: arena[65] id="base:arena_extra22" stagenum=0x57 langid=0x514d cat="Bonus"
[00:00.56] assetcatalog: arena[66] id="base:arena_extra23" stagenum=0x58 langid=0x514e cat="Bonus"
[00:00.56] assetcatalog: arena[67] id="base:arena_extra24" stagenum=0x59 langid=0x514f cat="Bonus"
[00:00.56] assetcatalog: arena[69] id="base:arena_test_lam" stagenum=0x5f langid=0x5151 cat="Bonus"
[00:00.56] assetcatalog: arena[71] id="base:arena_mp_random_multi" stagenum=0x02 langid=0x5126 cat="Random"
[00:00.56] assetcatalog: arena[72] id="base:arena_mp_random_solo" stagenum=0x03 langid=0x5127 cat="Random"
[00:00.56] assetcatalog: registered 48 base arenas
[00:00.56] assetcatalog: registered 6 sp bodies, 7 sp heads from g_HeadsAndBodies[152]
[00:00.56] assetcatalog: base game registration complete (288 total entries)
[00:00.56] assetcatalog: registered 47 base weapons
[00:00.57] assetcatalog: registered 1207 base animations
[00:00.61] assetcatalog: registered 3503 base textures
[00:00.61] assetcatalog: registered 8 base props
[00:00.61] assetcatalog: registered 6 base game modes
[00:00.61] UPDATER: parsed 64 valid release(s) from API response
[00:00.61] UPDATER: Up to date (v0.0.94)
[00:00.65] assetcatalog: registered 1545 base audio entries (SFX)
[00:00.65] assetcatalog: registered 43 base music tracks
[00:00.65] assetcatalog: registered 6 base HUD elements
[00:00.67] assetcatalog: registered 441 base prop models (ASSET_MODEL)
[00:00.67] assetcatalog: registered 68 base lang banks
[00:00.67] assetcatalog: T3/T4/T5 extended registration complete (6874 entries)
[00:00.67] assetcatalog: extended registration added 6874 entries (7162 total)
[00:00.67] assetcatalog_scanner: scan complete, 0 mod components registered
[00:00.67] Asset Catalog: 7162 entries registered
[00:00.67] [CATALOG] Runtime caches built: 63 body IDs, 76 head IDs
[00:00.67] catalogLoadInit: 593 base-game + 0 mod override(s) indexed from 7162 catalog entries
[00:00.67] memp heap at 0000020a65487040 - 0000020a66487040
[00:00.67] rom  file at 0000020a6307a040 - 0000020a6507a040
[00:00.67] boot stage set to 0x26
[00:00.67] modmgr: rebuilt catalog caches — bodies=69 heads=83 arenas=73
[00:00.67] PDGUI theme: late init — loading UI textures from base-ui mod
[00:00.67] PDGUI theme: 'base:ui_bg_haze' ← mod file (64x64)
[00:00.67] PDGUI theme: 'base:ui_particles' ← mod file (1x1)
[00:00.67] PDGUI theme: 'base:ui_noise_sm' ← mod file (16x16)
[00:00.67] PDGUI theme: 'base:ui_noise_lg' ← mod file (16x16)
[00:00.67] PDGUI theme: 'base:ui_grad_bar' ← mod file (2x8)
[00:00.68] PDGUI theme: 'base:ui_mirror_tile' ← mod file (8x8)
[00:00.68] PDGUI theme: 'base:ui_dot_tile' ← mod file (8x8)
[00:00.68] PDGUI theme: 'base:ui_nuke' ← mod file (64x64)
[00:00.68] PDGUI theme: 'base:ui_bg_alt' ← mod file (64x64)
[00:00.68] PDGUI theme: 'base:ui_deco' ← mod file (32x32)
[00:00.68] PDGUI theme: 'base:ui_icon_a' ← mod file (14x14)
[00:00.68] PDGUI theme: 'base:ui_icon_b' ← mod file (11x11)
[00:00.68] PDGUI theme: 'base:ui_icon_c' ← mod file (14x14)
[00:00.68] PDGUI theme: late init complete — 13 from mod, 0 procedural
[00:00.68] INTRO: titleInit() called - setting up title sequence
[00:00.68] INTRO: titleInit() - g_TitleNextMode set to TITLEMODE_LEGAL (0)
[00:00.68] STAGE: titleSetNextStage(0x26)
[00:00.68] LOAD: 8Mb alloc index=0 stagenum_in_table=0x26 string="-ml0 -me0 -mgfx120 -mvtx98 -ma400"
[00:00.68] MEMPC [mempResetPool(STAGE)]: all 0 allocations intact (0 bytes total)
[00:00.68] LOAD: memaHeapSize=409600 bytes, calling memaReset
[00:00.68] LOAD: calling langReset(0x26)
[00:00.68] CATALOG: C-4 intercept live (first filenum=1511 query)
[00:00.68] LOAD: playermgrReset done, numplayers check next
[00:00.68] modmusic: stopped
[00:00.68] MEMPC: alloc 'FontTahoma' 5184 bytes at 0000020a4a8721d0 (total: 5184 in 1 allocs)
[00:00.68] MEMPC: alloc 'FontNumeric' 5008 bytes at 0000020a4a860b10 (total: 10192 in 2 allocs)
[00:00.68] MEMPC: alloc 'FontHandelGothicXs' 8016 bytes at 0000020a48ed2340 (total: 18208 in 3 allocs)
[00:00.68] MEMPC: alloc 'FontHandelGothicSm' 9216 bytes at 0000020a4a867620 (total: 27424 in 4 allocs)
[00:00.68] FONT_INTEGRITY: HandelGothicSm loaded at 0000020a4a867620 len=9216 checksum=0x7f829897
[00:00.68] MEMPC: alloc 'FontHandelGothicMd' 11488 bytes at 0000020a4a836320 (total: 38912 in 5 allocs)
[00:00.68] LOAD: lv.c entering stage load sequence for stagenum=0x26
[00:00.68] FSPATH: "files/bgdata/bg_dish_tilesZ" -> BASEDIR -> "C:/Users/mikeh/Downloads/Perfect Dark 2.0/data/files/bgdata/bg_dish_tilesZ"
[00:00.68] LOAD: bgGetStageIndex(0x26) returned 18 (array has 87 entries)
[00:00.68] LOAD: stage[18] id=0x26 bgfile=19 tiles=358 pads=357 setup=307 mpsetup=271
[00:00.68] FSPATH: "files/bgdata/bg_dish.seg" -> BASEDIR -> "C:/Users/mikeh/Downloads/Perfect Dark 2.0/data/files/bgdata/bg_dish.seg"
[00:00.69] LOAD: bgReset done
[00:00.69] LOAD: bgBuildTables done
[00:00.69] MESHCOL: DISABLED -- using original collision system
[00:00.69] LOAD: skyReset done
[00:00.69] LOAD: music init normmplay=0 stagenum=0x26 players=1/0/0/0
[00:00.69] LOAD: music set done normmplay=0
[00:00.69] LOAD: mpApplyLimits done
[00:00.69] LOAD: player stats init done
[00:00.69] LOAD: mpSetDefaultNamesIfEmpty done
[00:00.69] LOAD: animsReset done
[00:00.69] LOAD: objectivesReset done
[00:00.69] LOAD: vtxstoreReset done
[00:00.69] LOAD: modelmgrReset done
[00:00.69] LOAD: psReset done
[00:00.69] LOAD: about to call setupLoadFiles(0x26)
[00:00.69] LOAD: setupLoadFiles(0x26) g_StageIndex=18 normmplay=0
[00:00.69] LOAD: loading setup file id=307 (mp=271, sp=307)
[00:00.69] LOAD: loading pad file id=357
[00:00.69] FSPATH: "files/bgdata/bg_dish_padsZ" -> BASEDIR -> "C:/Users/mikeh/Downloads/Perfect Dark 2.0/data/files/bgdata/bg_dish_padsZ"
[00:00.69] LOAD: model allocation numobjs=254 numchrs=9
[00:00.69] MODELMGR: AllocateSlots numobjs=254 numchrs=9 => g_MaxModels=363 g_MaxAnims=29
[00:00.69] MODELMGR: Pool sizes type1=70 type2=50 type3=48 spare=80 totalsize=44768 bytes
[00:00.69] LOAD: modelmgrAllocateSlots done
[00:00.69] LOAD: setupLoadFiles done
[00:00.69] LOAD: calling scenarioReset
[00:00.69] LOAD: calling varsReset
[00:00.69] LOAD: calling propsReset
[00:00.69] LOAD: calling chrmgrReset
[00:00.70] LOAD: calling bodiesReset stagenum=0x26
[00:00.70] BODIES: enter stagenum=0x26 normmplay=0 NumBondBodies=4 MaleHeads=42 FemaleHeads=4
[00:00.70] BODIES: modeldef clear done
[00:00.70] BODIES: rng bond body select NumBondBodies=4
[00:00.70] BODIES: selecting male heads NumActivePerGender=8
[00:00.70] BODIES: selecting female heads headsavailablelen=42
[00:00.70] BODIES: bodiesReset complete
[00:00.70] LOAD: calling setupCreateProps stagenum=0x26 normmplayerisrunning=0 chrslots=0x0000 g_MpNumChrs=0
[00:00.70] CHRSLOTS: chrmgrConfigure numchrs=9 PLAYERCOUNT=1 => g_NumChrSlots=20 (sizeof chrdata=984, total=19680 bytes)
[00:00.70] LOAD: chr slots done
[00:00.70] CATALOG: base:model_0194 (1879) → ROM
[00:00.70] CATALOG: base:model_017c (1372) → ROM
[00:00.70] CATALOG: base:model_0044 (167) → ROM
[00:00.70] CATALOG: base:model_00c4 (563) → ROM
[00:00.70] CATALOG: base:model_00ef (834) → ROM
[00:00.70] CATALOG: base:model_0004 (257) → ROM
[00:00.70] CATALOG: base:model_003f (181) → ROM
[00:00.70] CATALOG: base:model_00c5 (564) → ROM
[00:00.70] CATALOG: base:model_0047 (143) → ROM
[00:00.70] CATALOG: base:model_0046 (145) → ROM
[00:00.70] CATALOG: base:model_0156 (1290) → ROM
[00:00.70] CATALOG: base:model_014c (1280) → ROM
[00:00.70] CATALOG: base:carrington (64) → ROM
[00:00.70] body0f02ce8c: bodynum 90 (file 0x0040) modeldef->scale=1126.15
[00:00.70] CATALOG: base:head_carrington (415) → ROM
[00:00.70] CATALOG: base:cifemtech (1190) → ROM
[00:00.71] body0f02ce8c: bodynum 143 (file 0x04a6) modeldef->scale=1069.17
[00:00.71] CATALOG: base:head_secretary (421) → ROM
[00:00.71] CATALOG: base:cilabtech (1189) → ROM
[00:00.71] body0f02ce8c: bodynum 142 (file 0x04a5) modeldef->scale=1177.11
[00:00.71] CATALOG: base:head_christ (435) → ROM
[00:00.71] body0f02ce8c: bodynum 142 (file 0x04a5) modeldef->scale=1177.11
[00:00.71] CATALOG: base:head_mark2 (434) → ROM
[00:00.71] body0f02ce8c: bodynum 143 (file 0x04a6) modeldef->scale=1069.17
[00:00.71] body0f02ce8c: bodynum 142 (file 0x04a5) modeldef->scale=1177.11
[00:00.71] CATALOG: base:head_brian (461) → ROM
[00:00.71] body0f02ce8c: bodynum 142 (file 0x04a5) modeldef->scale=1177.11
[00:00.71] CATALOG: base:head_russ (444) → ROM
[00:00.71] body0f02ce8c: bodynum 142 (file 0x04a5) modeldef->scale=1177.11
[00:00.71] CATALOG: base:sp_head_52 (450) → ROM
[00:00.71] body0f02ce8c: bodynum 143 (file 0x04a6) modeldef->scale=1069.17
[00:00.71] CATALOG: base:model_0157 (1298) → ROM
[00:00.71] CATALOG: base:model_0117 (874) → ROM
[00:00.71] CATALOG: base:model_0118 (875) → ROM
[00:00.71] CATALOG: base:model_0119 (876) → ROM
[00:00.71] CATALOG: base:model_011a (877) → ROM
[00:00.71] CATALOG: base:model_011b (878) → ROM
[00:00.71] CATALOG: base:model_011c (879) → ROM
[00:00.71] CATALOG: base:model_011d (880) → ROM
[00:00.71] CATALOG: base:model_011e (881) → ROM
[00:00.71] CATALOG: base:model_0013 (136) → ROM
[00:00.71] CATALOG: base:model_0116 (873) → ROM
[00:00.71] CATALOG: base:model_01aa (1943) → ROM
[00:00.71] CATALOG: base:model_01a0 (1905) → ROM
[00:00.71] CATALOG: base:model_00f3 (838) → ROM
[00:00.71] CATALOG: base:model_00b5 (428) → ROM
[00:00.71] CATALOG: base:model_01a1 (1906) → ROM
[00:00.71] CATALOG: base:model_019d (1903) → ROM
[00:00.71] CATALOG: base:model_0177 (1362) → ROM
[00:00.71] CATALOG: base:model_019e (1904) → ROM
[00:00.71] CATALOG: base:model_0011 (134) → ROM
[00:00.71] CATALOG: base:model_012e (1231) → ROM
[00:00.71] CATALOG: base:model_00b3 (427) → ROM
[00:00.71] CATALOG: base:model_014d (1281) → ROM
[00:00.71] CATALOG: base:model_014e (1282) → ROM
[00:00.71] CATALOG: base:model_009c (216) → ROM
[00:00.71] CATALOG: base:model_00af (405) → ROM
[00:00.71] CATALOG: base:model_01a5 (1911) → ROM
[00:00.71] CATALOG: base:model_005a (215) → ROM
[00:00.72] CATALOG: base:model_003a (213) → ROM
[00:00.72] CATALOG: base:model_005b (200) → ROM
[00:00.72] CATALOG: base:model_00ae (133) → ROM
[00:00.72] CATALOG: base:model_007d (186) → ROM
[00:00.72] CATALOG: base:model_0176 (93) → ROM
[00:00.72] CATALOG: base:model_017a (1367) → ROM
[00:00.72] SIMULANT: NOT spawning normmplay=0 hasSimulants=0 chrslots=0x00000000
[00:00.72] SETUP: iterating props (g_StageSetup.props=0000020a65720a20)
[00:00.72] SETUP: prop iteration done (412 objects)
[00:00.72] SETUP: calling stageAllocateBgChrs
[00:00.72] SETUP: setupLoadStage complete
[00:00.72] LOAD: setupCreateProps done, calling reset functions
[00:00.72] PLAYER_SPAWN: bondhealth=1.0000 stageindex=18 mplay=0 normmplay=0 options=0x00000000 onehitkills=0
[00:00.72] LOAD: playerLoadDefaults done for player 0, calling playerReset
[00:00.72] LOAD: playerReset intro cmd=0000020a6572e788
[00:00.72] SPAWN: summary stage=0x26 npts=1 mplay=0 normmplay=0 netmode=0 intro=ok pads=ok
[00:00.72] SPAWN: scenarioChooseSpawnLocation scenario=0 normmplay=0 spawnfunc=0 numpads=1
[00:00.72] SPAWN: pre-ground pos=(637.0,360.0,923.0) room=16 angle=1.570
[00:00.72] LOAD: playerReset done for player 0, calling playerSpawn
[00:00.72] LOAD: playerSpawn done for player 0, calling bheadReset
[00:00.72] LOAD: player init loop complete
[00:00.73] TICK: lvTick enter tick=0 stagenum=0x26 g_MpNumChrs=0
[00:00.73] TICK: scenarioTick first call lvframe60=1 scenario=0 normmplayerisrunning=0 tickfunc=0000000000000000
[00:00.73] CATALOG: base:dark_combat (66) → ROM
[00:00.73] CATALOG: base:head_dark_combat (412) → ROM
[00:00.73] body0f02ce8c: bodynum 86 (file 0x0042) modeldef->scale=1162.33
[00:00.73] TICK: lvTickPlayer playernum=0 prop=0000020a65752df0 MpAllChr=0000000000000000 frame=1
[00:00.73] BMOVE: allowc1x=0 allowc1y=0 allowc1buttons=0 actionPlayer=0 AXIS_MOVE=0.000,-0.000 pausemode=0 lvupdate240=2 lvIsPaused=0
[00:00.73] FONT_DIAG: chars=0000020a4a8365c8 font=0000020a4a836320 text='Checking Controller ' g_CharsHandelGothicSm=0000020a4a8678c8 g_FontHandelGothicSm=0000020a4a867620
[00:00.74] FONT_DIAG: char 'A' idx=32 baseline=0 h=11 w=10 pixeldata=0000020a4a83778c
[00:00.75] UI.CHROME: base-game chrome missing — generating PD-authentic chrome frame
[00:00.75] UI.CHROME: wrote 64x64 TGA 'mods/base-game/ui-chrome/ui_chrome_frame.tga' (16402 bytes)
[00:00.75] UI.CHROME: wrote mods/base-game/ui-chrome/mod.json
[00:00.75] UI.CHROME: wrote mods/base-game/ui-chrome/README.md
[00:00.76] PDGUI theme: loaded 'base:ui_chrome_frame' from 'mods/base-game/ui-chrome/ui_chrome_frame.tga' (64x64) → GL 113
[00:00.76] PDGUI nineslice: registered 'base:ui_chrome_frame' (src L=16 R=16 T=16 B=16  dst L=16 R=16 T=16 B=16  center=tile)
[00:00.76] UI.CHROME: active chrome set to 'base:ui_chrome_frame'
[00:00.76] UI.CHROME: base-game chrome template mod initialized
[00:00.76] TICK: lvTickPlayer playernum=0 prop=0000020a65752df0 MpAllChr=0000000000000000 frame=2
[00:01.36] INPUTCTX: syncMouseMode -- restored relative mode for gameplay
[00:01.36] ACTIONMAP: activated 'menu' (priority 10, depth 2)
[00:01.36] INPUTCTX: imgui_menu on_push -- g_ImcMenu activated
[00:01.36] INPUTCTX: pushed 'imgui_menu' (depth now 2)
[00:01.36] SMFST: enter 00007ff782826be0 — loading 3 asset(s)
[00:01.36] CATALOG: retain bundled 'base:dark_combat'
[00:01.36] CATALOG: retain bundled 'base:head_dark_combat'
[00:01.36] CATALOG: retain bundled 'base:lang_misc'
[00:01.37] INPUTCTX: syncMouseMode -- restored absolute mode for 'imgui_menu'
[00:01.38] body0f02ce8c: bodynum 86 (file 0x0042) modeldef->scale=1162.33
[00:02.98] PDGUI theme loader: applied built-in 'base:theme_blue' (palette 1)
[00:02.98] MENU_IMGUI: main menu OPEN
[00:02.98] SMFST: leave 00007ff782826be0 — unloading 3 asset(s)
[00:03.38] MUSIC: musicStartPrimary track=13 qlen=1
[00:03.43] MUSIC: musicStartPrimary track=13 qlen=4
[00:03.98] BMOVE: allowc1x=1 allowc1y=1 allowc1buttons=1 actionPlayer=0 AXIS_MOVE=0.000,0.000 pausemode=0 lvupdate240=2 lvIsPaused=0
[00:05.18] BMOVE: allowc1x=1 allowc1y=1 allowc1buttons=1 actionPlayer=0 AXIS_MOVE=0.000,0.000 pausemode=0 lvupdate240=2 lvIsPaused=0
[00:06.38] BMOVE: allowc1x=1 allowc1y=1 allowc1buttons=1 actionPlayer=0 AXIS_MOVE=0.000,0.000 pausemode=0 lvupdate240=2 lvIsPaused=0
[00:07.58] BMOVE: allowc1x=1 allowc1y=1 allowc1buttons=1 actionPlayer=0 AXIS_MOVE=0.000,0.000 pausemode=0 lvupdate240=2 lvIsPaused=0
[00:08.78] BMOVE: allowc1x=1 allowc1y=1 allowc1buttons=1 actionPlayer=0 AXIS_MOVE=0.000,0.000 pausemode=0 lvupdate240=2 lvIsPaused=0
[00:09.98] BMOVE: allowc1x=1 allowc1y=1 allowc1buttons=1 actionPlayer=0 AXIS_MOVE=0.000,0.000 pausemode=0 lvupdate240=2 lvIsPaused=0
[00:11.18] BMOVE: allowc1x=1 allowc1y=1 allowc1buttons=1 actionPlayer=0 AXIS_MOVE=0.000,0.000 pausemode=0 lvupdate240=2 lvIsPaused=0
[00:12.38] BMOVE: allowc1x=1 allowc1y=1 allowc1buttons=1 actionPlayer=0 AXIS_MOVE=0.000,0.000 pausemode=0 lvupdate240=2 lvIsPaused=0
[00:13.58] BMOVE: allowc1x=1 allowc1y=1 allowc1buttons=1 actionPlayer=0 AXIS_MOVE=0.000,0.000 pausemode=0 lvupdate240=2 lvIsPaused=0
[00:14.78] BMOVE: allowc1x=1 allowc1y=1 allowc1buttons=1 actionPlayer=0 AXIS_MOVE=0.000,0.000 pausemode=0 lvupdate240=2 lvIsPaused=0
[00:15.98] BMOVE: allowc1x=1 allowc1y=1 allowc1buttons=1 actionPlayer=0 AXIS_MOVE=0.000,0.000 pausemode=0 lvupdate240=2 lvIsPaused=0
[00:17.18] BMOVE: allowc1x=1 allowc1y=1 allowc1buttons=1 actionPlayer=0 AXIS_MOVE=0.000,0.000 pausemode=0 lvupdate240=2 lvIsPaused=0
[00:18.38] BMOVE: allowc1x=1 allowc1y=1 allowc1buttons=1 actionPlayer=0 AXIS_MOVE=0.000,0.000 pausemode=0 lvupdate240=2 lvIsPaused=0
[00:19.58] BMOVE: allowc1x=1 allowc1y=1 allowc1buttons=1 actionPlayer=0 AXIS_MOVE=0.000,0.000 pausemode=0 lvupdate240=2 lvIsPaused=0
[00:20.69] JUMP: impulse=8.2 grounded=1 gap=0.00 manground=325.00 ground=325.00 bdeltaY=0.00 onladder=0 isfalling=0 inlift=0
[00:20.69] JUMP: APPLIED impulse=8.2 newManground=328.00 newPosY=487.00
[00:20.78] BMOVE: allowc1x=1 allowc1y=1 allowc1buttons=1 actionPlayer=0 AXIS_MOVE=0.000,0.000 pausemode=0 lvupdate240=2 lvIsPaused=0
[00:21.69] JOIN: code validated, connecting...
[00:21.69] NET: using protocol version 35
[00:21.69] NET: connecting to 67.8.148.199:27100...
[00:21.69] NET: waiting for response from 67.8.148.199:27100...
[00:21.69] LOBBY: initialized (dedicated server model)
[00:21.69] NET: starting connection waterfall to 67.8.148.199:27100
[00:21.72] NET: connected via direct
[00:21.72] NET: connected to server, sending CLC_AUTH
[00:21.79] NET: SVC_AUTH from server, our ID is 0
[00:21.79] LOBBY: immediate leader assigned: slot 0 (client 0, MikeHazeJr)
[00:21.79] MENU_IMGUI: social lobby OPEN
[00:21.80] NET: SVC_LOBBY_LEADER: leader is client 0
[00:21.80] LOBBY: leader changed to slot 0 (MikeHazeJr)
[00:21.80] NET: SVC_ROOM_LIST received (1 rooms)
[00:21.98] BMOVE: allowc1x=1 allowc1y=1 allowc1buttons=1 actionPlayer=0 AXIS_MOVE=0.000,0.000 pausemode=0 lvupdate240=2 lvIsPaused=0
[00:23.18] BMOVE: allowc1x=1 allowc1y=1 allowc1buttons=1 actionPlayer=0 AXIS_MOVE=0.000,0.000 pausemode=0 lvupdate240=2 lvIsPaused=0
[00:23.69] LOBBY: sending CLC_ROOM_CREATE to server
[00:23.72] NET: SVC_ROOM_ASSIGN: assigned to room 1
[00:23.72] CATALOG: building arena list from catalog (48 ASSET_ARENA entries)
[00:23.72] CATALOG: arena[0] "Skedar" id='base:arena_mp_skedar' stagenum=0x32 sec=0 registered
[00:23.72] CATALOG: arena[1] "Pipes" id='base:arena_mp_pipes' stagenum=0x29 sec=0 registered
[00:23.72] CATALOG: arena[2] "Ravine" id='base:arena_mp_ravine' stagenum=0x17 sec=0 registered
[00:23.72] CATALOG: arena[3] "G5 Building" id='base:arena_mp_g5building' stagenum=0x20 sec=0 registered
[00:23.72] CATALOG: arena[4] "Sewers" id='base:arena_mp_sewers' stagenum=0x42 sec=0 registered
[00:23.72] CATALOG: arena[5] "Warehouse" id='base:arena_mp_warehouse' stagenum=0x3c sec=0 registered
[00:23.72] CATALOG: arena[6] "Grid" id='base:arena_mp_grid' stagenum=0x47 sec=0 registered
[00:23.72] CATALOG: arena[7] "Ruins" id='base:arena_mp_ruins' stagenum=0x41 sec=0 registered
[00:23.72] CATALOG: arena[8] "Area 52" id='base:arena_mp_area52' stagenum=0x3b sec=0 registered
[00:23.72] CATALOG: arena[9] "Base" id='base:arena_mp_base' stagenum=0x39 sec=0 registered
[00:23.72] CATALOG: arena[10] "Fortress" id='base:arena_mp_fortress' stagenum=0x44 sec=0 registered
[00:23.72] CATALOG: arena[11] "Villa" id='base:arena_mp_villa' stagenum=0x45 sec=0 registered
[00:23.72] CATALOG: arena[12] "Car Park" id='base:arena_mp_carpark' stagenum=0x3d sec=0 registered
[00:23.72] CATALOG: arena[13] "dataDyne Central" id='base:arena_defection' stagenum=0x30 sec=1 registered
[00:23.72] CATALOG: arena[14] "dataDyne Research" id='base:arena_investigation' stagenum=0x33 sec=1 registered
[00:23.72] CATALOG: arena[15] "Carrington Villa" id='base:arena_villa' stagenum=0x2c sec=1 registered
[00:23.72] CATALOG: arena[16] "Chicago" id='base:arena_chicago' stagenum=0x1d sec=1 registered
[00:23.72] CATALOG: arena[17] "G5 Building" id='base:arena_g5building' stagenum=0x1e sec=1 registered
[00:23.72] CATALOG: arena[18] "Area 51" id='base:arena_infiltration' stagenum=0x2f sec=1 registered
[00:23.72] CATALOG: arena[19] "Air Base" id='base:arena_airbase' stagenum=0x27 sec=1 registered
[00:23.72] CATALOG: arena[20] "Air Force One" id='base:arena_airforceone' stagenum=0x31 sec=1 registered
[00:23.72] CATALOG: arena[21] "Crash Site" id='base:arena_crashsite' stagenum=0x1c sec=1 registered
[00:23.72] CATALOG: arena[22] "Pelagic II" id='base:arena_pelagic' stagenum=0x21 sec=1 registered
[00:23.72] CATALOG: arena[23] "Deep Sea" id='base:arena_deepsea' stagenum=0x38 sec=1 registered
[00:23.72] CATALOG: arena[24] "Carrington Institute" id='base:arena_defense' stagenum=0x2d sec=1 registered
[00:23.72] CATALOG: arena[25] "Attack Ship" id='base:arena_attackship' stagenum=0x34 sec=1 registered
[00:23.72] CATALOG: arena[26] "Skedar Ruins" id='base:arena_skedarruins' stagenum=0x2a sec=1 registered
[00:23.72] CATALOG: arena[27] "Temple" id='base:arena_mp_temple' stagenum=0x25 sec=0 registered
[00:23.72] CATALOG: arena[28] "Complex" id='base:arena_mp_complex' stagenum=0x1f sec=0 registered
[00:23.72] CATALOG: arena[29] "Caves" id='base:arena_mp_grid6' stagenum=0x3e sec=0 registered
[00:23.72] CATALOG: arena[30] "Rooftop" id='base:arena_mp_grid2' stagenum=0x3a sec=0 registered
[00:23.72] CATALOG: arena[31] "Felicity" id='base:arena_mp_felicity' stagenum=0x43 sec=0 registered
[00:23.72] CATALOG: arena[32] "Kakariko Village (Stormy)" id='base:arena_stage_24' stagenum=0x24 sec=0 registered
[00:23.72] CATALOG: arena[33] "Dark Noon Valley" id='base:arena_mp_grid7' stagenum=0x3f sec=0 registered
[00:23.72] CATALOG: arena[34] "Suburb" id='base:arena_test_arch' stagenum=0x18 sec=0 registered
[00:23.72] CATALOG: arena[35] "Training Day" id='base:arena_test_dest' stagenum=0x1a sec=0 registered
[00:23.72] CATALOG: arena[36] "Runway" id='base:arena_extra16' stagenum=0x51 sec=0 registered
[00:23.72] CATALOG: arena[37] "Control" id='base:arena_extra17' stagenum=0x52 sec=0 registered
[00:23.72] CATALOG: arena[38] "Tawfret Ruins" id='base:arena_extra18' stagenum=0x53 sec=0 registered
[00:23.72] CATALOG: arena[39] "Targitzan's Temple" id='base:arena_extra19' stagenum=0x54 sec=0 registered
[00:23.72] CATALOG: arena[40] "Junkyard" id='base:arena_extra20' stagenum=0x55 sec=0 registered
[00:23.72] CATALOG: arena[41] "Steel Mill" id='base:arena_extra21' stagenum=0x56 sec=0 registered
[00:23.72] CATALOG: arena[42] "Mall" id='base:arena_extra22' stagenum=0x57 sec=0 registered
[00:23.72] CATALOG: arena[43] "Tunnels" id='base:arena_extra23' stagenum=0x58 sec=0 registered
[00:23.72] CATALOG: arena[44] "Rogue" id='base:arena_extra24' stagenum=0x59 sec=0 registered
[00:23.72] CATALOG: arena[45] "War Colors" id='base:arena_test_lam' stagenum=0x5f sec=0 registered
[00:23.72] CATALOG: arena[46] "Random: PD Maps" id='base:arena_mp_random_multi' stagenum=0x02 sec=0 registered
[00:23.72] CATALOG: arena[47] "Random: Solo Maps" id='base:arena_mp_random_solo' stagenum=0x03 sec=0 registered
[00:23.72] CATALOG: arena list built: 48 arenas (MP=34, Campaign=14, Mod=0)
[00:23.72] MATCHSETUP: config initialized — player 'MikeHazeJr' body_id='base:dark_combat' head_id='base:head_dark_combat'
[00:23.72] MENU_IMGUI: room OPEN (solo=0, pushedCtx=0)
[00:23.74] NET: SVC_ROOM_LIST received (2 rooms)
[00:24.38] BMOVE: allowc1x=1 allowc1y=1 allowc1buttons=1 actionPlayer=0 AXIS_MOVE=0.000,0.000 pausemode=0 lvupdate240=2 lvIsPaused=0
[00:25.58] BMOVE: allowc1x=1 allowc1y=1 allowc1buttons=1 actionPlayer=0 AXIS_MOVE=0.000,0.000 pausemode=0 lvupdate240=2 lvIsPaused=0
[00:26.78] BMOVE: allowc1x=1 allowc1y=1 allowc1buttons=1 actionPlayer=0 AXIS_MOVE=0.000,0.000 pausemode=0 lvupdate240=2 lvIsPaused=0
[00:27.98] BMOVE: allowc1x=1 allowc1y=1 allowc1buttons=1 actionPlayer=0 AXIS_MOVE=0.000,0.000 pausemode=0 lvupdate240=2 lvIsPaused=0
[00:29.18] BMOVE: allowc1x=1 allowc1y=1 allowc1buttons=1 actionPlayer=0 AXIS_MOVE=0.000,0.000 pausemode=0 lvupdate240=2 lvIsPaused=0
[00:30.38] BMOVE: allowc1x=1 allowc1y=1 allowc1buttons=1 actionPlayer=0 AXIS_MOVE=0.000,0.000 pausemode=0 lvupdate240=2 lvIsPaused=0
[00:30.79] ROOM: arena selected "Chicago" id='base:arena_chicago'
[00:31.58] BMOVE: allowc1x=1 allowc1y=1 allowc1buttons=1 actionPlayer=0 AXIS_MOVE=0.000,0.000 pausemode=0 lvupdate240=2 lvIsPaused=0
[00:31.59] BOTNAMES: 216 adjectives, 229 nouns ready
[00:32.76] NET.HEARTBEAT: frame=1800 (~30s) chrs=0 stage=0x26 last_chr_idx=-1
[00:32.76] NET.WATCHDOG: cl[0] "MikeHazeJr" clstate=3 rtt=16ms since_rx=131ms enet_state=5
[00:32.76] NET.HEARTBEAT: mode=2 gamemode=0 clients=1/32 connected=1 nettick=18348
[00:32.76] NET.HEARTBEAT: sent=1kB/91pkts recv=1kB/89pkts
[00:32.77] NET.HEARTBEAT: frame=1800 (~30s) chrs=0 stage=0x26 last_chr_idx=-1
[00:32.77] NET.WATCHDOG: cl[0] "MikeHazeJr" clstate=3 rtt=16ms since_rx=151ms enet_state=5
[00:32.77] NET.HEARTBEAT: mode=2 gamemode=0 clients=1/32 connected=1 nettick=18349
[00:32.77] NET.HEARTBEAT: sent=1kB/91pkts recv=1kB/89pkts
[00:32.78] BMOVE: allowc1x=1 allowc1y=1 allowc1buttons=1 actionPlayer=0 AXIS_MOVE=0.000,0.000 pausemode=0 lvupdate240=2 lvIsPaused=0
[00:33.98] BMOVE: allowc1x=1 allowc1y=1 allowc1buttons=1 actionPlayer=0 AXIS_MOVE=0.000,0.000 pausemode=0 lvupdate240=2 lvIsPaused=0
[00:35.18] BMOVE: allowc1x=1 allowc1y=1 allowc1buttons=1 actionPlayer=0 AXIS_MOVE=0.000,0.000 pausemode=0 lvupdate240=2 lvIsPaused=0
[00:36.38] BMOVE: allowc1x=1 allowc1y=1 allowc1buttons=1 actionPlayer=0 AXIS_MOVE=0.000,0.000 pausemode=0 lvupdate240=2 lvIsPaused=0
[00:37.32] ROOM: stage selected: "Chicago" id='base:arena_chicago' stagenum=0x1d
[00:37.32] WARNING: MATCH-START: client sending CLC_LOBBY_START, stage_id='base:arena_chicago'
[00:37.32] MANIFEST-HOST: built 26 entries, hash=0x471eb144
[00:37.32] BRIDGE: sent CLC_LOBBY_START gamemode=0 stage='base:arena_chicago'(0x1d) diff=0 sims=15 simtype=2 tl=60 opt=0x00200000 scen=0 sc=9 tsc=400 weaponset=0
[00:37.58] BMOVE: allowc1x=1 allowc1y=1 allowc1buttons=1 actionPlayer=0 AXIS_MOVE=0.000,0.000 pausemode=0 lvupdate240=2 lvIsPaused=0
[00:37.68] NET: SVC_MATCH_MANIFEST hash=0x471eb144 entries=26
[00:37.68] MANIFEST: checking 26 entries against local catalog (hash=0x471eb144)
[00:37.68] MANIFEST: [ 0] STAGE     id='base:arena_chicago' — OK
[00:37.68] MANIFEST: [ 1] WEAPON    id='base:falcon2_silencer' — OK
[00:37.68] MANIFEST: [ 2] WEAPON    id='base:mauler' — OK
[00:37.68] MANIFEST: [ 3] WEAPON    id='base:dy357lx' — OK
[00:37.68] MANIFEST: [ 4] BODY      id='base:dark_combat' — OK
[00:37.68] MANIFEST: [ 5] HEAD      id='base:head_dark_combat' — OK
[00:37.68] MANIFEST: [ 6] BODY      id='base:dd_secguard' — OK
[00:37.68] MANIFEST: [ 7] BODY      id='base:skedar' — OK
[00:37.68] MANIFEST: [ 8] BODY      id='base:trent' — OK
[00:37.68] MANIFEST: [ 9] HEAD      id='base:head_trent' — OK
[00:37.68] MANIFEST: [10] BODY      id='base:negotiator' — OK
[00:37.68] MANIFEST: [11] BODY      id='base:drcaroll' — OK
[00:37.68] MANIFEST: [12] BODY      id='base:dark_trench' — OK
[00:37.68] MANIFEST: [13] BODY      id='base:biotech' — OK
[00:37.68] MANIFEST: [14] HEAD      id='base:head_biotech' — OK
[00:37.68] MANIFEST: [15] BODY      id='base:cisoldier' — OK
[00:37.68] MANIFEST: [16] BODY      id='base:cilabtech' — OK
[00:37.68] MANIFEST: [17] BODY      id='base:carrington' — OK
[00:37.68] MANIFEST: [18] HEAD      id='base:head_carrington' — OK
[00:37.68] MANIFEST: [19] BODY      id='base:jonathan' — OK
[00:37.68] MANIFEST: [20] HEAD      id='base:head_jonathan' — OK
[00:37.68] MANIFEST: [21] BODY      id='base:carreveningsuit' — OK
[00:37.68] MANIFEST: [22] BODY      id='base:president_clone2' — OK
[00:37.68] MANIFEST: [23] HEAD      id='base:head_president' — OK
[00:37.68] MANIFEST: [24] BODY      id='base:dalton' — OK
[00:37.68] MANIFEST: [25] BODY      id='base:president' — OK
[00:37.68] MANIFEST: check passed — 26/26 entries OK, sending READY
[00:37.70] NET: SVC_SESSION_CATALOG received (26 entries)
[00:37.70] NET: SVC_MATCH_COUNTDOWN 0/1 ready phase=0 countdown=30s
[00:37.72] NET: SVC_MATCH_COUNTDOWN 1/1 ready phase=0 countdown=29s
[00:37.74] NET: SVC_MATCH_COUNTDOWN 1/1 ready phase=3 countdown=3s
[00:37.74] MENU_STACK: countdown START secs=3
[00:37.74] MENU_STACK: countdown TICK secs=3
[00:38.78] BMOVE: allowc1x=1 allowc1y=1 allowc1buttons=1 actionPlayer=0 AXIS_MOVE=0.000,0.000 pausemode=0 lvupdate240=2 lvIsPaused=0
[00:39.00] MENU_IMGUI: main menu CLOSE via ESC/B (top-level -> CI free-roam)
[00:39.00] INPUTCTX: 'imgui_menu' marked for deferred removal
[00:39.00] INPUTCTX: syncMouseMode -- restored relative mode for gameplay
[00:39.00] MENU_IMGUI: restoring game state — lvIsPaused=0 g_PlayersWithControl[0]=1
[00:39.00] MENU_IMGUI: game state restored — lvIsPaused=0
[00:39.00] MENU_STACK: countdown CANCEL by local player (ESC/B)
[00:39.01] ACTIONMAP: deactivated 'menu' (depth now 1)
[00:39.01] INPUTCTX: imgui_menu on_pop -- g_ImcMenu deactivated
[00:39.01] INPUTCTX: deferred pop of 'imgui_menu'
[00:39.01] pdgui: hotswap closed, flushed deferred mouse capture (B-92 solo) lvframe=2176
[00:39.95] MENU: ACTION_PAUSE detected, pausemode=0 g_PlayersWithControl[0]=1 mplayerisrunning=0 lvframenum=3718
[00:39.95] MENU_STACK: countdown CANCEL by local player (ESC/B)
[00:39.97] CHAT: NET: disconnected
[00:39.97] ACTIONMAP: activated 'menu' (priority 10, depth 2)
[00:39.97] INPUTCTX: imgui_menu on_push -- g_ImcMenu activated
[00:39.97] INPUTCTX: pushed 'imgui_menu' (depth now 2)
[00:39.97] MENU_IMGUI: main menu OPEN
[00:40.94] MENU_IMGUI: main menu CLOSE via ESC/B (top-level -> CI free-roam)
[00:40.94] INPUTCTX: 'imgui_menu' marked for deferred removal
[00:40.94] INPUTCTX: syncMouseMode -- restored relative mode for gameplay
[00:40.94] MENU_IMGUI: restoring game state — lvIsPaused=1 g_PlayersWithControl[0]=0
[00:40.94] MUSIC: musicStartPrimary track=13 qlen=1
[00:40.94] MENU_IMGUI: game state restored — lvIsPaused=0
[00:40.95] MENU_STACK: countdown CANCEL by local player (ESC/B)
[00:40.95] ACTIONMAP: deactivated 'menu' (depth now 1)
[00:40.95] INPUTCTX: imgui_menu on_pop -- g_ImcMenu deactivated
[00:40.95] INPUTCTX: deferred pop of 'imgui_menu'
[00:40.95] pdgui: hotswap closed, flushed deferred mouse capture (B-92 solo) lvframe=2233
[00:40.96] BMOVE: allowc1x=1 allowc1y=1 allowc1buttons=1 actionPlayer=0 AXIS_MOVE=0.000,-0.000 pausemode=0 lvupdate240=2 lvIsPaused=0
[00:41.64] MENU: ACTION_PAUSE detected, pausemode=0 g_PlayersWithControl[0]=1 mplayerisrunning=0 lvframenum=3789
[00:41.65] ACTIONMAP: activated 'menu' (priority 10, depth 2)
[00:41.65] INPUTCTX: imgui_menu on_push -- g_ImcMenu activated
[00:41.65] INPUTCTX: pushed 'imgui_menu' (depth now 2)
[00:41.65] MENU_IMGUI: main menu OPEN
[00:41.66] MENU_STACK: countdown CANCEL by local player (ESC/B)
[00:43.89] JOIN: code validated, connecting...
[00:43.89] NET: using protocol version 35
[00:43.89] NET: connecting to 67.8.148.199:27100...
[00:43.89] NET: waiting for response from 67.8.148.199:27100...
[00:43.89] LOBBY: initialized (dedicated server model)
[00:43.89] NET: starting connection waterfall to 67.8.148.199:27100
[00:43.93] NET: connected via direct
[00:43.93] NET: connected to server, sending CLC_AUTH
[00:44.00] NET: SVC_AUTH from server, our ID is 0
[00:44.00] LOBBY: immediate leader assigned: slot 0 (client 0, MikeHazeJr)
[00:44.00] MENU_IMGUI: social lobby OPEN
[00:44.02] NET: SVC_LOBBY_LEADER: leader is client 0
[00:44.02] LOBBY: leader changed to slot 0 (MikeHazeJr)
[00:44.02] NET: SVC_ROOM_LIST received (1 rooms)
[00:45.27] LOBBY: sending CLC_ROOM_CREATE to server
[00:45.30] NET: SVC_ROOM_ASSIGN: assigned to room 1
[00:45.30] MENU_IMGUI: room OPEN (solo=0, pushedCtx=0)
[00:45.32] NET: SVC_ROOM_LIST received (2 rooms)
[00:45.85] NET: SVC_MATCH_COUNTDOWN 1/1 ready phase=3 countdown=0s
[00:45.85] MENU_STACK: countdown GO
[00:45.87] WARNING: MATCH-START: client received SVC_STAGE_START, stage_session=1
[00:45.87] WARNING: MATCH-START: stage_session=1 resolved to stagenum=0x1d
[00:45.87] NET: SVC_STAGE_START spawn weapon '(random)' → weaponnum=255
[00:45.87] NET: SVC_STAGE from server: going to stage 0x1d with 1 players chrslots=0x7fff01
[00:45.87] CATALOG: [ 86] file 0x0042 — OK (scale=1162.33, parts=7)
[00:45.87] CATALOG: [  4] file 0x019c — OK (scale=222.28, parts=1)
[00:45.87] NET: player 0 body='base:dark_combat'->0 head='base:head_dark_combat'->0
[00:45.87] CATALOG: base:dd_secguard (70) → ROM
[00:45.88] CATALOG: [106] file 0x0046 — OK (scale=1158.12, parts=7)
[00:45.88] NET: bot 0 name='Jimbo Twerp' body='base:dd_secguard'->25 head='base:head_dark_combat'->0 (sessions 7/6)
[00:45.88] CATALOG: base:skedar (83) → ROM
[00:45.88] CATALOG: [ 92] file 0x0053 — OK (scale=2293.28, parts=6)
[00:45.88] NET: bot 1 name='Rollin Dingdon' body='base:skedar'->61 head='base:head_dark_combat'->0 (sessions 8/6)
[00:45.88] CATALOG: base:trent (87) → ROM
[00:45.88] CATALOG: [ 93] file 0x0057 — OK (scale=1174.68, parts=7)
[00:45.88] CATALOG: base:head_trent (417) → ROM
[00:45.88] WARNING: CATALOG: [  9] file 0x01a1 — numparts=0 out of range (INVALID)
[00:45.88] WARNING: CATALOG: FALLBACK: head 9 is INVALID, using basegame head 3
[00:45.88] NET: bot 2 name='Stumpy Noodge' body='base:trent'->18 head='base:head_trent'->0 (sessions 9/10)
[00:45.88] CATALOG: base:negotiator (582) → ROM
[00:45.88] CATALOG: [126] file 0x0246 — OK (scale=1013.06, parts=7)
[00:45.88] NET: bot 3 name='Fingle Quimby' body='base:negotiator'->31 head='base:head_dark_combat'->0 (sessions 11/6)
[00:45.88] CATALOG: base:drcaroll (72) → ROM
[00:45.88] CATALOG: [107] file 0x0048 — OK (scale=511.72, parts=12)
[00:45.88] NET: bot 4 name='Ghostly Crumbs' body='base:drcaroll'->62 head='base:head_dark_combat'->0 (sessions 12/6)
[00:45.88] CATALOG: base:dark_trench (68) → ROM
[00:45.88] CATALOG: [ 98] file 0x0044 — OK (scale=1984.65, parts=7)
[00:45.88] NET: bot 5 name='Ghostly Cletus' body='base:dark_trench'->1 head='base:head_dark_combat'->0 (sessions 13/6)
[00:45.88] CATALOG: base:biotech (456) → ROM
[00:45.88] CATALOG: [113] file 0x01c8 — OK (scale=1161.31, parts=7)
[00:45.88] CATALOG: base:head_biotech (464) → ROM
[00:45.89] WARNING: CATALOG: [ 29] file 0x01d0 — numparts=0 out of range (INVALID)
[00:45.89] WARNING: CATALOG: FALLBACK: head 29 is INVALID, using basegame head 3
[00:45.89] NET: bot 6 name='Cooked Bingus' body='base:biotech'->45 head='base:head_biotech'->0 (sessions 14/15)
[00:45.89] CATALOG: base:cisoldier (1195) → ROM
[00:45.89] CATALOG: [146] file 0x04ab — OK (scale=1176.13, parts=7)
[00:45.89] NET: bot 7 name='Angry Brick' body='base:cisoldier'->22 head='base:head_dark_combat'->0 (sessions 16/6)
[00:45.89] CATALOG: [142] file 0x04a5 — OK (scale=1177.11, parts=7)
[00:45.89] NET: bot 8 name='Squat Dongus' body='base:cilabtech'->20 head='base:head_dark_combat'->0 (sessions 17/6)
[00:45.89] CATALOG: [ 90] file 0x0040 — OK (scale=1126.15, parts=7)
[00:45.89] WARNING: CATALOG: [  7] file 0x019f — numparts=0 out of range (INVALID)
[00:45.89] WARNING: CATALOG: FALLBACK: head 7 is INVALID, using basegame head 3
[00:45.89] NET: bot 9 name='Creepin Baguet' body='base:carrington'->14 head='base:head_carrington'->0 (sessions 18/19)
[00:45.89] CATALOG: base:jonathan (1194) → ROM
[00:45.89] CATALOG: [145] file 0x04aa — OK (scale=1187.63, parts=7)
[00:45.89] CATALOG: base:head_jonathan (826) → ROM
[00:45.89] CATALOG: [ 40] file 0x033a — OK (scale=256.87, parts=2)
[00:45.89] NET: bot 10 name='Blunt Vern' body='base:jonathan'->19 head='base:head_jonathan'->10 (sessions 20/21)
[00:45.89] CATALOG: base:carreveningsuit (1193) → ROM
[00:45.89] CATALOG: [144] file 0x04a9 — OK (scale=1126.15, parts=7)
[00:45.89] WARNING: CATALOG: FALLBACK: head 7 is INVALID, using basegame head 3
[00:45.89] NET: bot 11 name='Haunted Roach' body='base:carreveningsuit'->15 head='base:head_carrington'->0 (sessions 22/19)
[00:45.89] CATALOG: base:sp_body_132 (825) → ROM
[00:45.89] CATALOG: [133] file 0x0339 — OK (scale=1157.63, parts=7)
[00:45.89] CATALOG: base:head_president (1371) → ROM
[00:45.89] WARNING: CATALOG: [ 61] file 0x055b — numparts=0 out of range (INVALID)
[00:45.89] WARNING: CATALOG: FALLBACK: head 61 is INVALID, using basegame head 3
[00:45.89] NET: bot 12 name='Silky Bingbong' body='base:president_clone2'->54 head='base:head_president'->0 (sessions 23/24)
[00:45.89] CATALOG: base:dalton (411) → ROM
[00:45.89] CATALOG: [  2] file 0x019b — OK (scale=1321.16, parts=7)
[00:45.89] NET: bot 13 name='Flonk Judkins' body='base:dalton'->59 head='base:head_dark_combat'->0 (sessions 25/6)
[00:45.89] CATALOG: base:president (571) → ROM
[00:45.89] CATALOG: [121] file 0x023b — OK (scale=1157.63, parts=7)
[00:45.89] WARNING: CATALOG: FALLBACK: head 61 is INVALID, using basegame head 3
[00:45.89] NET: bot 14 name='Kickin Nub' body='base:president'->51 head='base:head_president'->0 (sessions 26/24)
[00:45.89] WARNING: MATCH-START: calling mainChangeToStage, stagenum=0x1d
[00:45.89] MATCH: pre-quickteam chrslots=0x00000000007fff01 hasSim=1 netmode=2
[00:45.89] MATCH: post-quickteam chrslots=0x00000000007fff01 hasSim=1
[00:45.90] MATCH: options=0x00200000 onehitkills=0 slowmo=0 scenario=0 handicap0=128
[00:45.90] STAGE: mpStartMatch: menu_stage=0x1d, resolved_stage=0x1d, numplayers=1
[00:45.90] PARTICIPANTS: 16 active (1 players, 15 bots)
[00:45.90] STAGE: titleSetNextStage(0x1d)
[00:45.90] MANIFEST-MP: transition — 26 entries in client manifest
[00:45.90] MANIFEST-VALIDATE: all 26 to-load entries valid
[00:45.90] CATALOG: retain bundled 'base:arena_chicago'
[00:45.90] MANIFEST-SP: load 'base:arena_chicago'
[00:45.90] CATALOG: retain bundled 'base:falcon2_silencer'
[00:45.90] MANIFEST-SP: load 'base:falcon2_silencer'
[00:45.90] CATALOG: retain bundled 'base:mauler'
[00:45.90] MANIFEST-SP: load 'base:mauler'
[00:45.90] CATALOG: retain bundled 'base:dy357lx'
[00:45.90] MANIFEST-SP: load 'base:dy357lx'
[00:45.90] CATALOG: retain bundled 'base:dark_combat'
[00:45.90] MANIFEST-SP: load 'base:dark_combat'
[00:45.90] CATALOG: retain bundled 'base:head_dark_combat'
[00:45.90] MANIFEST-SP: load 'base:head_dark_combat'
[00:45.90] CATALOG: retain bundled 'base:dd_secguard'
[00:45.90] MANIFEST-SP: load 'base:dd_secguard'
[00:45.90] CATALOG: retain bundled 'base:skedar'
[00:45.90] MANIFEST-SP: load 'base:skedar'
[00:45.90] CATALOG: retain bundled 'base:trent'
[00:45.90] MANIFEST-SP: load 'base:trent'
[00:45.90] CATALOG: retain bundled 'base:head_trent'
[00:45.90] MANIFEST-SP: load 'base:head_trent'
[00:45.90] CATALOG: retain bundled 'base:negotiator'
[00:45.90] MANIFEST-SP: load 'base:negotiator'
[00:45.90] CATALOG: retain bundled 'base:drcaroll'
[00:45.90] MANIFEST-SP: load 'base:drcaroll'
[00:45.90] CATALOG: retain bundled 'base:dark_trench'
[00:45.90] MANIFEST-SP: load 'base:dark_trench'
[00:45.90] CATALOG: retain bundled 'base:biotech'
[00:45.90] MANIFEST-SP: load 'base:biotech'
[00:45.90] CATALOG: retain bundled 'base:head_biotech'
[00:45.90] MANIFEST-SP: load 'base:head_biotech'
[00:45.90] CATALOG: retain bundled 'base:cisoldier'
[00:45.90] MANIFEST-SP: load 'base:cisoldier'
[00:45.90] CATALOG: retain bundled 'base:cilabtech'
[00:45.90] MANIFEST-SP: load 'base:cilabtech'
[00:45.90] CATALOG: retain bundled 'base:carrington'
[00:45.90] MANIFEST-SP: load 'base:carrington'
[00:45.90] CATALOG: retain bundled 'base:head_carrington'
[00:45.90] MANIFEST-SP: load 'base:head_carrington'
[00:45.90] CATALOG: retain bundled 'base:jonathan'
[00:45.90] MANIFEST-SP: load 'base:jonathan'
[00:45.90] CATALOG: retain bundled 'base:head_jonathan'
[00:45.90] MANIFEST-SP: load 'base:head_jonathan'
[00:45.90] CATALOG: retain bundled 'base:carreveningsuit'
[00:45.90] MANIFEST-SP: load 'base:carreveningsuit'
[00:45.90] CATALOG: retain bundled 'base:president_clone2'
[00:45.90] MANIFEST-SP: load 'base:president_clone2'
[00:45.90] CATALOG: retain bundled 'base:head_president'
[00:45.90] MANIFEST-SP: load 'base:head_president'
[00:45.90] CATALOG: retain bundled 'base:dalton'
[00:45.90] MANIFEST-SP: load 'base:dalton'
[00:45.90] CATALOG: retain bundled 'base:president'
[00:45.90] MANIFEST-SP: load 'base:president'
[00:45.90] MANIFEST-SP: applied diff — load=26 unload=0 keep=0
[00:45.90] INTRO: titleSetNextMode(5=SKIP) [cur=-1, delayed=-1]
[00:45.90] INPUTCTX: 'imgui_menu' marked for deferred removal
[00:45.90] INPUTCTX: syncMouseMode -- restored relative mode for gameplay
[00:45.90] NET: sending CLC_STAGE_READY
[00:45.90] NET: received chr resync at tick 18226 for 15 bots
[00:45.90] NET: received prop resync at tick 18226 for 0 props
[00:45.90] LOAD: 8Mb alloc index=4 stagenum_in_table=0x1d string="-ml0 -me0 -mgfx110 -mgfxtra80 -mvtx100 -ma700"
[00:45.90] MEMPC [mempResetPool(STAGE)]: all 5 allocations intact (38912 bytes total)
[00:45.90] LOAD: memaHeapSize=1433600 bytes, calling memaReset
[00:45.90] LOAD: calling langReset(0x1d)
[00:45.90] LOAD: playermgrReset done, numplayers check next
[00:45.90] NET: allocated playernum=0 body='base:dark_combat' head='base:head_dark_combat' name=MikeHazeJr
[00:45.90] MATCH: mpReset normmplay=1 mplay=1 chrslots=0x00000000007fff01 hasSim=1 netmode=2
[00:45.90] MATCH: mpReset player enum done: g_MpNumChrs=1 chrslots=0x00000000007fff01
[00:45.91] modmusic: stopped
[00:45.91] MEMPC: font cache hit for rom=0000020a4a8ed330 -> 0000020a4a8721d0 (stage reload skipped)
[00:45.91] MEMPC: font cache hit for rom=0000020a4a8ee790 -> 0000020a4a860b10 (stage reload skipped)
[00:45.91] MEMPC: font cache hit for rom=0000020a4a8f2770 -> 0000020a48ed2340 (stage reload skipped)
[00:45.91] MEMPC: font cache hit for rom=0000020a4a8efb40 -> 0000020a4a867620 (stage reload skipped)
[00:45.91] MEMPC: font cache hit for rom=0000020a4a8f46e0 -> 0000020a4a836320 (stage reload skipped)
[00:45.91] LOAD: lv.c entering stage load sequence for stagenum=0x1d
[00:45.91] FSPATH: "files/bgdata/bg_pete_tilesZ" -> BASEDIR -> "C:/Users/mikeh/Downloads/Perfect Dark 2.0/data/files/bgdata/bg_pete_tilesZ"
[00:45.91] LOAD: bgGetStageIndex(0x1d) returned 9 (array has 87 entries)
[00:45.91] LOAD: stage[9] id=0x1d bgfile=10 tiles=380 pads=379 setup=318 mpsetup=282
[00:45.91] FSPATH: "files/bgdata/bg_pete.seg" -> BASEDIR -> "C:/Users/mikeh/Downloads/Perfect Dark 2.0/data/files/bgdata/bg_pete.seg"
[00:45.91] LOAD: bgReset done
[00:45.91] LOAD: bgBuildTables done
[00:45.91] MESHCOL: DISABLED -- using original collision system
[00:45.91] LOAD: skyReset done
[00:45.91] LOAD: music init normmplay=1 stagenum=0x1d players=1/0/0/0
[00:45.91] MUSIC: musicSetStageAndStartMusic stagenum=0x1d
[00:45.91] MUSIC: calling musicStartPrimary
[00:45.91] MUSIC: musicStartPrimary track=58 qlen=1
[00:45.91] MUSIC: checking ambient track
[00:45.91] MUSIC: calling musicStartAmbient
[00:45.91] MUSIC: musicSetStageAndStartMusic done
[00:45.91] LOAD: music set done normmplay=1
[00:45.91] LOAD: mpApplyLimits done
[00:45.91] LOAD: player stats init done
[00:45.91] LOAD: mpSetDefaultNamesIfEmpty done
[00:45.91] LOAD: animsReset done
[00:45.91] LOAD: objectivesReset done
[00:45.91] LOAD: vtxstoreReset done
[00:45.91] LOAD: modelmgrReset done
[00:45.91] LOAD: psReset done
[00:45.91] LOAD: about to call setupLoadFiles(0x1d)
[00:45.91] LOAD: setupLoadFiles(0x1d) g_StageIndex=9 normmplay=1
[00:45.91] LOAD: loading setup file id=282 (mp=282, sp=318)
[00:45.91] LOAD: loading pad file id=379
[00:45.91] FSPATH: "files/bgdata/bg_pete_padsZ" -> BASEDIR -> "C:/Users/mikeh/Downloads/Perfect Dark 2.0/data/files/bgdata/bg_pete_padsZ"
[00:45.91] MODELMGR: added simulant bot count to numchrs=15 for model slot allocation
[00:45.91] LOAD: model allocation numobjs=0 numchrs=15
[00:45.91] MODELMGR: AllocateSlots numobjs=0 numchrs=15 => g_MaxModels=115 g_MaxAnims=35
[00:45.92] MODELMGR: Pool sizes type1=70 type2=50 type3=48 spare=80 totalsize=27824 bytes
[00:45.92] LOAD: modelmgrAllocateSlots done
[00:45.92] LOAD: setupLoadFiles done
[00:45.92] LOAD: calling scenarioReset
[00:45.92] LOAD: calling varsReset
[00:45.92] LOAD: calling propsReset
[00:45.92] LOAD: calling chrmgrReset
[00:45.92] LOAD: calling bodiesReset stagenum=0x1d
[00:45.92] BODIES: enter stagenum=0x1d normmplay=1 NumBondBodies=4 MaleHeads=42 FemaleHeads=4
[00:45.92] BODIES: modeldef clear done
[00:45.92] BODIES: normmplay active — skipping guard body randomization
[00:45.92] LOAD: calling setupCreateProps stagenum=0x1d normmplayerisrunning=1 chrslots=0x7fff01 g_MpNumChrs=1
[00:45.92] CHRSLOTS: added 15 simulant slots (total numchrs=15)
[00:45.92] CHRSLOTS: chrmgrConfigure numchrs=15 PLAYERCOUNT=1 => g_NumChrSlots=26 (sizeof chrdata=984, total=25584 bytes)
[00:45.92] LOAD: chr slots done
[00:45.92] SIMULANT: spawning started chrslots=0x007fff01 maxsim=32
[00:45.92] SIMULANT: allocating chrnum=0 slot=0
[00:45.92] BOT_ALLOC: chrnum=0 slot=0 body=106 head=4 mpbody=25 mphead=0 name='Jimbo Twerp'
[00:45.92] body0f02ce8c: bodynum 106 (file 0x0046) modeldef->scale=1158.12
[00:45.92] BOT_ALLOC: bodyAllocateModel returned 0000020a65809940 for chrnum=0 slot=0
[00:45.92] BOT_ALLOC: chrAllocate returned prop=0000020a6580fb70 for chrnum=0 slot=0 g_BotCount=0 g_MpNumChrs=1
[00:45.92] SIMULANT: allocating chrnum=1 slot=1
[00:45.92] BOT_ALLOC: chrnum=1 slot=1 body=92 head=4 mpbody=61 mphead=0 name='Rollin Dingdon'
[00:45.92] body0f02ce8c: bodynum 92 (file 0x0053) modeldef->scale=2293.28
[00:45.92] BOT_ALLOC: bodyAllocateModel returned 0000020a65809988 for chrnum=1 slot=1
[00:45.92] BOT_ALLOC: chrAllocate returned prop=0000020a6580fbe8 for chrnum=1 slot=1 g_BotCount=1 g_MpNumChrs=2
[00:45.92] SIMULANT: allocating chrnum=2 slot=2
[00:45.92] BOT_ALLOC: chrnum=2 slot=2 body=93 head=4 mpbody=18 mphead=0 name='Stumpy Noodge'
[00:45.92] body0f02ce8c: bodynum 93 (file 0x0057) modeldef->scale=1174.68
[00:45.92] BOT_ALLOC: bodyAllocateModel returned 0000020a658099d0 for chrnum=2 slot=2
[00:45.92] BOT_ALLOC: chrAllocate returned prop=0000020a6580fc60 for chrnum=2 slot=2 g_BotCount=2 g_MpNumChrs=3
[00:45.92] SIMULANT: allocating chrnum=3 slot=3
[00:45.92] BOT_ALLOC: chrnum=3 slot=3 body=126 head=4 mpbody=31 mphead=0 name='Fingle Quimby'
[00:45.92] body0f02ce8c: bodynum 126 (file 0x0246) modeldef->scale=1013.06
[00:45.92] BOT_ALLOC: bodyAllocateModel returned 0000020a65809a18 for chrnum=3 slot=3
[00:45.92] BOT_ALLOC: chrAllocate returned prop=0000020a6580fcd8 for chrnum=3 slot=3 g_BotCount=3 g_MpNumChrs=4
[00:45.92] SIMULANT: allocating chrnum=4 slot=4
[00:45.92] BOT_ALLOC: chrnum=4 slot=4 body=107 head=4 mpbody=62 mphead=0 name='Ghostly Crumbs'
[00:45.92] body0f02ce8c: bodynum 107 (file 0x0048) modeldef->scale=511.72
[00:45.92] BOT_ALLOC: bodyAllocateModel returned 0000020a65809a60 for chrnum=4 slot=4
[00:45.92] BOT_ALLOC: chrAllocate returned prop=0000020a6580fd50 for chrnum=4 slot=4 g_BotCount=4 g_MpNumChrs=5
[00:45.92] SIMULANT: allocating chrnum=5 slot=5
[00:45.92] BOT_ALLOC: chrnum=5 slot=5 body=98 head=4 mpbody=1 mphead=0 name='Ghostly Cletus'
[00:45.93] body0f02ce8c: bodynum 98 (file 0x0044) modeldef->scale=1984.65
[00:45.93] BOT_ALLOC: bodyAllocateModel returned 0000020a65809aa8 for chrnum=5 slot=5
[00:45.93] BOT_ALLOC: chrAllocate returned prop=0000020a6580fdc8 for chrnum=5 slot=5 g_BotCount=5 g_MpNumChrs=6
[00:45.93] SIMULANT: allocating chrnum=6 slot=6
[00:45.93] BOT_ALLOC: chrnum=6 slot=6 body=113 head=4 mpbody=45 mphead=0 name='Cooked Bingus'
[00:45.93] body0f02ce8c: bodynum 113 (file 0x01c8) modeldef->scale=1161.31
[00:45.93] BOT_ALLOC: bodyAllocateModel returned 0000020a65809af0 for chrnum=6 slot=6
[00:45.93] BOT_ALLOC: chrAllocate returned prop=0000020a6580fe40 for chrnum=6 slot=6 g_BotCount=6 g_MpNumChrs=7
[00:45.93] SIMULANT: allocating chrnum=7 slot=7
[00:45.93] BOT_ALLOC: chrnum=7 slot=7 body=146 head=4 mpbody=22 mphead=0 name='Angry Brick'
[00:45.93] body0f02ce8c: bodynum 146 (file 0x04ab) modeldef->scale=1176.13
[00:45.93] BOT_ALLOC: bodyAllocateModel returned 0000020a65809b38 for chrnum=7 slot=7
[00:45.93] BOT_ALLOC: chrAllocate returned prop=0000020a6580feb8 for chrnum=7 slot=7 g_BotCount=7 g_MpNumChrs=8
[00:45.93] SIMULANT: allocating chrnum=8 slot=8
[00:45.93] BOT_ALLOC: chrnum=8 slot=8 body=142 head=4 mpbody=20 mphead=0 name='Squat Dongus'
[00:45.93] body0f02ce8c: bodynum 142 (file 0x04a5) modeldef->scale=1177.11
[00:45.93] BOT_ALLOC: bodyAllocateModel returned 0000020a65809b80 for chrnum=8 slot=8
[00:45.93] BOT_ALLOC: chrAllocate returned prop=0000020a6580ff30 for chrnum=8 slot=8 g_BotCount=8 g_MpNumChrs=9
[00:45.93] SIMULANT: allocating chrnum=9 slot=9
[00:45.93] BOT_ALLOC: chrnum=9 slot=9 body=90 head=4 mpbody=14 mphead=0 name='Creepin Baguet'
[00:45.93] body0f02ce8c: bodynum 90 (file 0x0040) modeldef->scale=1126.15
[00:45.93] BOT_ALLOC: bodyAllocateModel returned 0000020a65809bc8 for chrnum=9 slot=9
[00:45.93] BOT_ALLOC: chrAllocate returned prop=0000020a6580ffa8 for chrnum=9 slot=9 g_BotCount=9 g_MpNumChrs=10
[00:45.93] SIMULANT: allocating chrnum=10 slot=10
[00:45.93] BOT_ALLOC: chrnum=10 slot=10 body=145 head=40 mpbody=19 mphead=10 name='Blunt Vern'
[00:45.93] body0f02ce8c: bodynum 145 (file 0x04aa) modeldef->scale=1187.63
[00:45.93] BOT_ALLOC: bodyAllocateModel returned 0000020a65809c10 for chrnum=10 slot=10
[00:45.93] BOT_ALLOC: chrAllocate returned prop=0000020a65810020 for chrnum=10 slot=10 g_BotCount=10 g_MpNumChrs=11
[00:45.93] SIMULANT: allocating chrnum=11 slot=11
[00:45.93] BOT_ALLOC: chrnum=11 slot=11 body=144 head=4 mpbody=15 mphead=0 name='Haunted Roach'
[00:45.93] body0f02ce8c: bodynum 144 (file 0x04a9) modeldef->scale=1126.15
[00:45.93] BOT_ALLOC: bodyAllocateModel returned 0000020a65809c58 for chrnum=11 slot=11
[00:45.93] BOT_ALLOC: chrAllocate returned prop=0000020a65810098 for chrnum=11 slot=11 g_BotCount=11 g_MpNumChrs=12
[00:45.93] SIMULANT: allocating chrnum=12 slot=12
[00:45.93] BOT_ALLOC: chrnum=12 slot=12 body=133 head=4 mpbody=54 mphead=0 name='Silky Bingbong'
[00:45.93] body0f02ce8c: bodynum 133 (file 0x0339) modeldef->scale=1157.63
[00:45.93] BOT_ALLOC: bodyAllocateModel returned 0000020a65809ca0 for chrnum=12 slot=12
[00:45.94] BOT_ALLOC: chrAllocate returned prop=0000020a65810110 for chrnum=12 slot=12 g_BotCount=12 g_MpNumChrs=13
[00:45.94] SIMULANT: allocating chrnum=13 slot=13
[00:45.94] BOT_ALLOC: chrnum=13 slot=13 body=2 head=4 mpbody=59 mphead=0 name='Flonk Judkins'
[00:45.94] body0f02ce8c: bodynum 2 (file 0x019b) modeldef->scale=1321.16
[00:45.94] BOT_ALLOC: bodyAllocateModel returned 0000020a65809ce8 for chrnum=13 slot=13
[00:45.94] BOT_ALLOC: chrAllocate returned prop=0000020a65810188 for chrnum=13 slot=13 g_BotCount=13 g_MpNumChrs=14
[00:45.94] SIMULANT: allocating chrnum=14 slot=14
[00:45.94] BOT_ALLOC: chrnum=14 slot=14 body=121 head=4 mpbody=51 mphead=0 name='Kickin Nub'
[00:45.94] body0f02ce8c: bodynum 121 (file 0x023b) modeldef->scale=1157.63
[00:45.94] BOT_ALLOC: bodyAllocateModel returned 0000020a65809d30 for chrnum=14 slot=14
[00:45.94] BOT_ALLOC: chrAllocate returned prop=0000020a65810200 for chrnum=14 slot=14 g_BotCount=14 g_MpNumChrs=15
[00:45.94] SIMULANT: SKIP slot=15 chrslots_bit=0 isEnabled=1
[00:45.94] SIMULANT: SKIP slot=16 chrslots_bit=0 isEnabled=1
[00:45.94] SIMULANT: SKIP slot=17 chrslots_bit=0 isEnabled=1
[00:45.94] SIMULANT: SKIP slot=18 chrslots_bit=0 isEnabled=1
[00:45.94] SIMULANT: SKIP slot=19 chrslots_bit=0 isEnabled=1
[00:45.94] SIMULANT: SKIP slot=20 chrslots_bit=0 isEnabled=1
[00:45.94] SIMULANT: SKIP slot=21 chrslots_bit=0 isEnabled=1
[00:45.94] SIMULANT: SKIP slot=22 chrslots_bit=0 isEnabled=1
[00:45.94] SIMULANT: SKIP slot=23 chrslots_bit=0 isEnabled=1
[00:45.94] SIMULANT: SKIP slot=24 chrslots_bit=0 isEnabled=1
[00:45.94] SIMULANT: SKIP slot=25 chrslots_bit=0 isEnabled=1
[00:45.94] SIMULANT: SKIP slot=26 chrslots_bit=0 isEnabled=1
[00:45.94] SIMULANT: SKIP slot=27 chrslots_bit=0 isEnabled=1
[00:45.94] SIMULANT: SKIP slot=28 chrslots_bit=0 isEnabled=1
[00:45.94] SIMULANT: SKIP slot=29 chrslots_bit=0 isEnabled=1
[00:45.94] SIMULANT: SKIP slot=30 chrslots_bit=0 isEnabled=1
[00:45.94] SIMULANT: SKIP slot=31 chrslots_bit=0 isEnabled=1
[00:45.94] SIMULANT: spawning done total=15
[00:45.94] SETUP: calling scenarioInitProps
[00:45.94] SETUP: scenarioInitProps done
[00:45.94] SETUP: iterating props (g_StageSetup.props=0000020a65802f90)
[00:45.94] SETUP: prop iteration done (11 objects)
[00:45.94] SETUP: calling stageAllocateBgChrs
[00:45.94] SETUP: setupLoadStage complete
[00:45.94] LOAD: setupCreateProps done, calling reset functions
[00:45.94] PLAYER_SPAWN: bondhealth=1.0000 stageindex=9 mplay=1 normmplay=1 options=0x00200000 onehitkills=0
[00:45.94] LOAD: playerLoadDefaults done for player 0, calling playerReset
[00:45.94] LOAD: playerReset intro cmd=0000020a65803048
[00:45.94] WARNING: SPAWN: all 24 pads collapsed to padnum=0 — sequential fallback
[00:45.94] SPAWN: populated 24 spawn points from 153 navmesh waypoints (adaptive spacing)
[00:45.94] SPAWN-DIAG: pad[0] padnum=0 pos=(251,-634,252) room=10 flags=0x185
[00:45.94] SPAWN-DIAG: pad[1] padnum=1 pos=(526,-634,249) room=9 flags=0x185
[00:45.94] SPAWN-DIAG: pad[2] padnum=2 pos=(498,-634,-437) room=8 flags=0x185
[00:45.94] SPAWN-DIAG: pad[3] padnum=3 pos=(-886,-634,255) room=11 flags=0x185
[00:45.94] SPAWN-DIAG: pad[4] padnum=4 pos=(-480,-634,258) room=12 flags=0x185
[00:45.94] SPAWN-DIAG: pad[5] padnum=5 pos=(894,-165,-599) room=26 flags=0x1185
[00:45.94] SPAWN: summary stage=0x1d npts=24 mplay=1 normmplay=1 netmode=2 intro=ok pads=ok
[00:45.94] SPAWNPOOL: build start -- stage= seed=0x00004731 needed=16 aabb_valid=1 min_spacing=255
[00:45.94] SPAWNPOOL: L1 pad 6 rejected (budget=-1, room=29)
[00:45.94] SPAWNPOOL: L1 pad 9 rejected (budget=-1, room=33)
[00:45.94] SPAWNPOOL: L1 pad 11 rejected (budget=-1, room=37)
[00:45.94] SPAWNPOOL: L1 pad 13 rejected (budget=-1, room=38)
[00:45.94] SPAWNPOOL: L1 pad 14 rejected (budget=-1, room=38)
[00:45.94] SPAWNPOOL: L1 pad 16 rejected (budget=-1, room=39)
[00:45.94] SPAWNPOOL: L1 pad 21 rejected (budget=-1, room=38)
[00:45.94] SPAWNPOOL: L1 pad 22 rejected (budget=-1, room=37)
[00:45.94] SPAWNPOOL: L1 pad 23 rejected (budget=-1, room=38)
[00:45.94] SPAWNPOOL: L1 declared: 15/16 accepted from 24 pads
[00:45.94] SPAWNPOOL: L2 waypoints: 1 accepted from 1 attempts (153 waypoints available)
[00:45.94] SPAWNPOOL: build complete -- 16 points (needed 16), max_layer=2
[00:45.94] SPAWNPOOL:   [0] L1 pad=0 pos=(251,-634,252) room=10 budget=28000
[00:45.94] SPAWNPOOL:   [1] L1 pad=1 pos=(526,-634,249) room=9 budget=28000
[00:45.94] SPAWNPOOL:   [2] L1 pad=2 pos=(498,-634,-437) room=8 budget=28000
[00:45.94] SPAWNPOOL:   [3] L1 pad=3 pos=(-886,-634,255) room=11 budget=28000
[00:45.94] SPAWNPOOL:   [4] L1 pad=4 pos=(-480,-634,258) room=12 budget=28000
[00:45.94] SPAWNPOOL:   [5] L1 pad=5 pos=(894,-165,-599) room=26 budget=28000
[00:45.94] SPAWNPOOL:   [6] L1 pad=7 pos=(1184,-165,-588) room=21 budget=28000
[00:45.94] SPAWNPOOL:   [7] L1 pad=8 pos=(1463,-165,-583) room=21 budget=28000
[00:45.94] SPAWN: initial MP spawn via pool[0] L1 pos=(251,-634,252) room=10 team=-1
[00:45.94] SPAWN: pre-ground pos=(251.0,-634.0,252.0) room=10 angle=0.000
[00:45.94] LOAD: playerReset done for player 0, calling playerSpawn
[00:45.94] SPAWN: player 0 -- spawnwithweapon set but no valid weapon (spawnWeaponNum=255 weapons[0]=0)
[00:45.94] body0f02ce8c: bodynum 86 (file 0x0042) modeldef->scale=1162.33
[00:45.95] LOAD: playerSpawn done for player 0, calling bheadReset
[00:45.95] LOAD: player init loop complete
[00:45.95] NET: last initial syncid: 16
[00:45.95] ACTIONMAP: deactivated 'menu' (depth now 1)
[00:45.95] INPUTCTX: imgui_menu on_pop -- g_ImcMenu deactivated
[00:45.95] INPUTCTX: deferred pop of 'imgui_menu'
[00:45.95] NET: SVC_BOT_AUTHORITY received — deferred until stage load complete
[00:45.95] TICK: lvTick enter tick=0 stagenum=0x1d g_MpNumChrs=16
[00:45.95] TICK: lvTickPlayer playernum=0 prop=0000020a65810278 MpAllChr=0000020a65832138 frame=0
[00:45.95] BMOVE: allowc1x=0 allowc1y=0 allowc1buttons=0 actionPlayer=0 AXIS_MOVE=0.000,-0.000 pausemode=0 lvupdate240=1 lvIsPaused=0
[00:45.95] NET: bot authority activated — stage ready (spawns=24)
[00:45.95] SPAWN: botSpawnAll failsafe — bots allocated but not spawned (rooms[0]==-1, spawns=24)
[00:45.95] SPAWN: scenarioChooseSpawnLocation scenario=0 normmplay=1 spawnfunc=0 numpads=24
[00:45.95] SPAWN: bot chr=0000020a6582e790 -- spawnwithweapon set but no valid weapon (spawnWeaponNum=255 weapons[0]=0)
[00:45.95] SPAWN: scenarioChooseSpawnLocation scenario=0 normmplay=1 spawnfunc=0 numpads=24
[00:45.95] SPAWN: bot chr=0000020a6582eb68 -- spawnwithweapon set but no valid weapon (spawnWeaponNum=255 weapons[0]=0)
[00:45.95] SPAWN: scenarioChooseSpawnLocation scenario=0 normmplay=1 spawnfunc=0 numpads=24
[00:45.95] SPAWN: bot chr=0000020a6582ef40 -- spawnwithweapon set but no valid weapon (spawnWeaponNum=255 weapons[0]=0)
[00:45.95] SPAWN: scenarioChooseSpawnLocation scenario=0 normmplay=1 spawnfunc=0 numpads=24
[00:45.95] SPAWN: bot chr=0000020a6582f318 -- spawnwithweapon set but no valid weapon (spawnWeaponNum=255 weapons[0]=0)
[00:45.95] SPAWN: scenarioChooseSpawnLocation scenario=0 normmplay=1 spawnfunc=0 numpads=24
[00:45.95] SPAWN: bot chr=0000020a6582f6f0 -- spawnwithweapon set but no valid weapon (spawnWeaponNum=255 weapons[0]=0)
[00:45.95] SPAWN: scenarioChooseSpawnLocation scenario=0 normmplay=1 spawnfunc=0 numpads=24
[00:45.95] SPAWN: bot chr=0000020a6582fac8 -- spawnwithweapon set but no valid weapon (spawnWeaponNum=255 weapons[0]=0)
[00:45.95] SPAWN: scenarioChooseSpawnLocation scenario=0 normmplay=1 spawnfunc=0 numpads=24
[00:45.95] SPAWN: bot chr=0000020a6582fea0 -- spawnwithweapon set but no valid weapon (spawnWeaponNum=255 weapons[0]=0)
[00:45.95] SPAWN: scenarioChooseSpawnLocation scenario=0 normmplay=1 spawnfunc=0 numpads=24
[00:45.95] SPAWN: bot chr=0000020a65830278 -- spawnwithweapon set but no valid weapon (spawnWeaponNum=255 weapons[0]=0)
[00:45.95] SPAWN: scenarioChooseSpawnLocation scenario=0 normmplay=1 spawnfunc=0 numpads=24
[00:45.95] SPAWN: bot chr=0000020a65830650 -- spawnwithweapon set but no valid weapon (spawnWeaponNum=255 weapons[0]=0)
[00:45.95] SPAWN: scenarioChooseSpawnLocation scenario=0 normmplay=1 spawnfunc=0 numpads=24
[00:45.95] SPAWN: bot chr=0000020a65830a28 -- spawnwithweapon set but no valid weapon (spawnWeaponNum=255 weapons[0]=0)
[00:45.95] SPAWN: scenarioChooseSpawnLocation scenario=0 normmplay=1 spawnfunc=0 numpads=24
[00:45.95] SPAWN: bot chr=0000020a65830e00 -- spawnwithweapon set but no valid weapon (spawnWeaponNum=255 weapons[0]=0)
[00:45.95] SPAWN: scenarioChooseSpawnLocation scenario=0 normmplay=1 spawnfunc=0 numpads=24
[00:45.95] SPAWN: bot chr=0000020a658311d8 -- spawnwithweapon set but no valid weapon (spawnWeaponNum=255 weapons[0]=0)
[00:45.95] SPAWN: scenarioChooseSpawnLocation scenario=0 normmplay=1 spawnfunc=0 numpads=24
[00:45.95] SPAWN: bot chr=0000020a658315b0 -- spawnwithweapon set but no valid weapon (spawnWeaponNum=255 weapons[0]=0)
[00:45.95] SPAWN: scenarioChooseSpawnLocation scenario=0 normmplay=1 spawnfunc=0 numpads=24
[00:45.95] SPAWN: bot chr=0000020a65831988 -- spawnwithweapon set but no valid weapon (spawnWeaponNum=255 weapons[0]=0)
[00:45.95] SPAWN: scenarioChooseSpawnLocation scenario=0 normmplay=1 spawnfunc=0 numpads=24
[00:45.95] SPAWN: bot chr=0000020a65831d60 -- spawnwithweapon set but no valid weapon (spawnWeaponNum=255 weapons[0]=0)
[00:45.96] TICK: lvTickPlayer playernum=0 prop=0000020a65810278 MpAllChr=0000020a65832138 frame=1
[00:45.97] TICK: lvTickPlayer playernum=0 prop=0000020a65810278 MpAllChr=0000020a65832138 frame=1
[00:45.98] TICK: lvTickPlayer playernum=0 prop=0000020a65810278 MpAllChr=0000020a65832138 frame=2
[00:45.99] TICK: lvTickPlayer playernum=0 prop=0000020a65810278 MpAllChr=0000020a65832138 frame=2
[00:46.95] MATCH-TRACE: CLC_BOT_MOVE write count=15 frame=60
[00:47.15] BMOVE: allowc1x=0 allowc1y=0 allowc1buttons=0 actionPlayer=0 AXIS_MOVE=0.000,-0.000 pausemode=0 lvupdate240=2 lvIsPaused=0
[00:47.95] MATCH-TRACE: CLC_BOT_MOVE write count=15 frame=120
[00:48.12] MANIFEST-SP: late-add 'base:model_0117' type=5 (missed by pre-scan)
[00:48.12] CATALOG: retain bundled 'base:model_0117'
[00:48.35] BMOVE: allowc1x=1 allowc1y=1 allowc1buttons=1 actionPlayer=0 AXIS_MOVE=0.000,-0.000 pausemode=0 lvupdate240=2 lvIsPaused=0
[00:48.95] MATCH-TRACE: CLC_BOT_MOVE write count=15 frame=180
[00:49.55] BMOVE: allowc1x=1 allowc1y=1 allowc1buttons=1 actionPlayer=0 AXIS_MOVE=0.000,1.000 pausemode=0 lvupdate240=2 lvIsPaused=0
[00:49.95] MATCH-TRACE: CLC_BOT_MOVE write count=15 frame=240
[00:50.75] BMOVE: allowc1x=1 allowc1y=1 allowc1buttons=1 actionPlayer=0 AXIS_MOVE=0.707,-0.707 pausemode=0 lvupdate240=2 lvIsPaused=0
[00:50.95] MATCH-TRACE: CLC_BOT_MOVE write count=15 frame=300
[00:51.95] BMOVE: allowc1x=1 allowc1y=1 allowc1buttons=1 actionPlayer=0 AXIS_MOVE=-0.707,0.707 pausemode=0 lvupdate240=2 lvIsPaused=0
[00:51.95] MATCH-TRACE: CLC_BOT_MOVE write count=15 frame=360
[00:52.95] MATCH-TRACE: CLC_BOT_MOVE write count=15 frame=420
[00:53.15] BMOVE: allowc1x=1 allowc1y=1 allowc1buttons=1 actionPlayer=0 AXIS_MOVE=-0.707,0.707 pausemode=0 lvupdate240=2 lvIsPaused=0
[00:53.95] MATCH-TRACE: CLC_BOT_MOVE write count=15 frame=480
[00:54.35] BMOVE: allowc1x=1 allowc1y=1 allowc1buttons=1 actionPlayer=0 AXIS_MOVE=0.707,0.707 pausemode=0 lvupdate240=2 lvIsPaused=0
[00:54.95] MATCH-TRACE: CLC_BOT_MOVE write count=15 frame=540
[00:55.55] BMOVE: allowc1x=1 allowc1y=1 allowc1buttons=1 actionPlayer=0 AXIS_MOVE=0.000,1.000 pausemode=0 lvupdate240=2 lvIsPaused=0
[00:56.75] BMOVE: allowc1x=1 allowc1y=1 allowc1buttons=1 actionPlayer=0 AXIS_MOVE=0.707,0.707 pausemode=0 lvupdate240=2 lvIsPaused=0
